{"time":"2026-08-23T17:43:12.7085645+05:30","level":"INFO","msg":"wandb-core"}
{"time":"2026-08-23T17:43:12.7168447+05:30","level":"INFO","msg":"stream: starting","core version":"0.28.0"}
{"time":"2026-08-23T17:43:13.320847+05:30","level":"INFO","msg":"stream: created new stream","id":"ybg0fean"}
{"time":"2026-08-23T17:43:13.320847+05:30","level":"INFO","msg":"handler: started"}
{"time":"2026-08-23T17:43:13.3230336+05:30","level":"INFO","msg":"stream: started"}
{"time":"2026-08-23T17:43:13.3237619+05:30","level":"INFO","msg":"writer: started","stream_id":"ybg0fean"}
{"time":"2026-08-23T17:43:13.3237619+05:30","level":"INFO","msg":"sender: started"}
{"time":"2026-08-23T17:43:16.576088+05:30","level":"INFO","msg":"filestream: sending request","total_files":1,"console_offset":0,"console_lines":1}
{"time":"2026-08-23T17:43:17.2552732+05:30","level":"INFO","msg":"filestream: request sent","status":"200 OK"}
{"time":"2026-08-23T17:43:31.5737963+05:30","level":"INFO","msg":"filestream: sending request","total_files":2,"events_offset":0,"events_lines":2,"console_offset":0,"console_lines":1,"uploaded_len":2}
{"time":"2026-08-23T17:43:32.1217935+05:30","level":"INFO","msg":"filestream: request sent","status":"200 OK"}
{"time":"2026-08-23T17:43:46.5834763+05:30","level":"INFO","msg":"filestream: sending request","total_files":4,"history_offset":0,"history_lines":1,"events_offset":2,"events_lines":2,"console_offset":1,"console_lines":2,"uploaded_len":4}
{"time":"2026-08-23T17:43:47.2252937+05:30","level":"INFO","msg":"filestream: request sent","status":"200 OK"}
{"time":"2026-08-23T17:44:01.577048+05:30","level":"INFO","msg":"filestream: sending request","total_files":4,"history_offset":1,"history_lines":1,"events_offset":4,"events_lines":2,"console_offset":3,"console_lines":2}
{"time":"2026-08-23T17:44:02.3596489+05:30","level":"INFO","msg":"filestream: request sent","status":"200 OK"}
{"time":"2026-08-23T17:44:16.5738757+05:30","level":"INFO","msg":"filestream: sending request","total_files":1,"events_offset":6,"events_lines":2,"uploaded_len":4}
{"time":"2026-08-23T17:44:17.1497826+05:30","level":"INFO","msg":"filestream: request sent","status":"200 OK"}
{"time":"2026-08-23T17:44:31.5842637+05:30","level":"INFO","msg":"filestream: sending request","total_files":4,"history_offset":2,"history_lines":1,"events_offset":8,"events_lines":2,"console_offset":5,"console_lines":2,"uploaded_len":4}
{"time":"2026-08-23T17:44:32.5193676+05:30","level":"INFO","msg":"filestream: request sent","status":"200 OK"}
{"time":"2026-08-23T17:44:46.5793609+05:30","level":"INFO","msg":"filestream: sending request","total_files":4,"history_offset":3,"history_lines":1,"events_offset":10,"events_lines":2,"console_offset":7,"console_lines":2,"uploaded_len":4}
{"time":"2026-08-23T17:44:47.6369344+05:30","level":"INFO","msg":"filestream: request sent","status":"200 OK"}
{"time":"2026-08-23T17:45:01.5770864+05:30","level":"INFO","msg":"filestream: sending request","total_files":3,"history_offset":4,"history_lines":2,"console_offset":9,"console_lines":3}
{"time":"2026-08-23T17:45:02.2771655+05:30","level":"INFO","msg":"filestream: request sent","status":"200 OK"}
{"time":"2026-08-23T17:45:04.9447592+05:30","level":"INFO","msg":"fileTransfer: Close: file transfer manager closed"}
{"time":"2026-08-23T17:45:04.9447592+05:30","level":"INFO","msg":"filestream: sending request","total_files":0,"uploaded_len":7,"complete":true,"exit_code":0}
{"time":"2026-08-23T17:45:05.3478284+05:30","level":"INFO","msg":"filestream: request sent","status":"200 OK"}
{"time":"2026-08-23T17:45:05.352139+05:30","level":"INFO","msg":"handler: operation stats","stats":{}}
{"time":"2026-08-23T17:45:05.3646654+05:30","level":"INFO","msg":"stream: finishing up"}
{"time":"2026-08-23T17:45:05.3646654+05:30","level":"INFO","msg":"handler: closed"}
{"time":"2026-08-23T17:45:05.3654341+05:30","level":"INFO","msg":"sender: closed"}
{"time":"2026-08-23T17:45:05.3654341+05:30","level":"INFO","msg":"stream: all finished"}
