===== fixed_depth seed=45  18:16:13 =====
wandb: [wandb.login()] Loaded credentials for https://api.wandb.ai from C:\Users\Hp\_netrc.
wandb: Currently logged in as: rshisode607 (rshisode607-government-college-of-engineering-aurangabad) to https://api.wandb.ai. Use `wandb login --relogin` to force relogin
wandb: WARNING Using a boolean value for 'reinit' is deprecated. Use 'return_previous' or 'finish_previous' instead.
wandb: Tracking run with wandb version 0.28.0
wandb: Run data is saved locally in C:\Users\Hp\Desktop\Waste\MoRE\code\wandb\run-20260829_181642-iww8ziua
wandb: Run `wandb offline` to turn off syncing.
wandb: Syncing run t10_more_fixed_depth_seed45
wandb:  View project at https://wandb.ai/rshisode607-government-college-of-engineering-aurangabad/micro-MoRE-poc
wandb:  View run at https://wandb.ai/rshisode607-government-college-of-engineering-aurangabad/micro-MoRE-poc/runs/iww8ziua
C:\Users\Hp\anaconda3\envs\more_env\lib\site-packages\wandb\integration\torch\wandb_torch.py:187: UserWarning: _histc_cuda does not have a deterministic implementation, but you set 'torch.use_deterministic_algorithms(True, warn_only=True)'. You can file an issue at https://github.com/pytorch/pytorch/issues to help us prioritize adding deterministic support for this operation. (Triggered internally at C:\cb\pytorch_1000000000000\work\aten\src\ATen\Context.cpp:95.)
  flat.histc(bins=self._num_bins)
wandb: WARNING Artifact "run-iww8ziua-paperop_avg_recursion_depth_table-rqBxuQ" already exists with the same content. No new version will be created.
wandb: WARNING Artifact "run-iww8ziua-paperop_avg_recursion_depth_table-rqBxuQ" already exists with the same content. No new version will be created.
wandb: WARNING Artifact "run-iww8ziua-paperop_avg_recursion_depth_table-rqBxuQ" already exists with the same content. No new version will be created.
wandb: WARNING Artifact "run-iww8ziua-paperop_avg_recursion_depth_table-rqBxuQ" already exists with the same content. No new version will be created.
wandb: WARNING Artifact "run-iww8ziua-paperop_avg_recursion_depth_table-rqBxuQ" already exists with the same content. No new version will be created.
wandb: WARNING Artifact "run-iww8ziua-paperop_avg_recursion_depth_table-rqBxuQ" already exists with the same content. No new version will be created.
wandb: WARNING Artifact "run-iww8ziua-paperop_avg_recursion_depth_table-rqBxuQ" already exists with the same content. No new version will be created.
wandb: WARNING Artifact "run-iww8ziua-paperop_avg_recursion_depth_table-rqBxuQ" already exists with the same content. No new version will be created.
wandb: WARNING Artifact "run-iww8ziua-paperop_avg_recursion_depth_table-rqBxuQ" already exists with the same content. No new version will be created.
wandb: WARNING Artifact "run-iww8ziua-paperop_avg_recursion_depth_table-rqBxuQ" already exists with the same content. No new version will be created.
wandb: WARNING Artifact "run-iww8ziua-paperop_avg_recursion_depth_table-rqBxuQ" already exists with the same content. No new version will be created.
wandb: WARNING Artifact "run-iww8ziua-paperop_avg_recursion_depth_table-rqBxuQ" already exists with the same content. No new version will be created.
wandb: uploading artifact run-iww8ziua-paperop_avg_recursion_depth_table-rqBxuQ; updating run metadata
wandb: uploading media\images\paper\routing_confusion_matrix_counts_49_13bef18881bd2b05e170.png; uploading media\images\paper\op_avg_recursion_depth_49_5c2c2bb59d663427c78c.png; uploading media\table\paper\op_avg_recursion_depth_table_49_dd150f64e0ff47b5f20d.table.json; uploading output.log; uploading wandb-summary.json (+ 2 more)
wandb: uploading wandb-summary.json; uploading config.yaml; uploading media\images\paper\routing_confusion_matrix_49_57eb4997b9768974db12.png
wandb: uploading wandb-summary.json; uploading media\images\paper\routing_confusion_matrix_49_57eb4997b9768974db12.png
wandb: uploading history steps 49-50, summary, console lines 88-92
wandb: 
wandb: Run summary:
wandb:   depth/allocation_error_abs 5.88492
wandb:   depth/allocation_error_rel 3.95565
wandb:        depth_dist/step_1_pct 0
wandb:        depth_dist/step_2_pct 0
wandb:        depth_dist/step_3_pct 0
wandb:        depth_dist/step_4_pct 0
wandb:        depth_dist/step_5_pct 0
wandb:        depth_dist/step_6_pct 0
wandb:        depth_dist/step_7_pct 100
wandb: diag/max_pairwise_cosine_sim 0.07478
wandb:                         +116 ...
wandb: 
wandb:  View run t10_more_fixed_depth_seed45 at: https://wandb.ai/rshisode607-government-college-of-engineering-aurangabad/micro-MoRE-poc/runs/iww8ziua
wandb:  View project at: https://wandb.ai/rshisode607-government-college-of-engineering-aurangabad/micro-MoRE-poc
wandb: Synced 5 W&B file(s), 100 media file(s), 2 artifact file(s) and 0 other file(s)
wandb: Find logs at: .\wandb\run-20260829_181642-iww8ziua\logs
[Run] architecture   = more
[Run] experiment_id   = t10_more_fixed_depth_seed45__be64ebdc
[Run] experiment_group= exploratory
[Run] output directory= C:\Users\Hp\Desktop\Waste\MoRE\runs\t10_more_fixed_depth_seed45__be64ebdc
[Seed] seed=45  determinism=warn_only  streams=random+numpy+torch_cpu+torch_cuda+dataloader_generator+dataloader_worker
[Seed] cudnn.deterministic=True  cudnn.benchmark=False  deterministic_algorithms=True  CUBLAS_WORKSPACE_CONFIG=:4096:8
[Train] Device: cuda
[Train] Effective settings: epochs=50, lr=0.001, routing_balance=0.001, step_routing=0.0, subset_fraction=1.0, subset_seed=45
[Dataset] Loaded 59500 records from 'C:\Users\Hp\Desktop\Waste\MoRE\data\train.jsonl'.
[Dataset] Using validation set: C:\Users\Hp\Desktop\Waste\MoRE\data\val.jsonl
[Dataset] Loaded 5250 records from 'C:\Users\Hp\Desktop\Waste\MoRE\data\val.jsonl'.
[Model] Total parameters: 3,201,555
[Train] halting: ponder_weight=0.001, supervision=OFF (pure ACT)
[Epoch 001 Batch 0] Router grad norm: 0.353539 | router_noise=none scales: ['0.0000']
[Epoch 002 Batch 0] Router grad norm: 0.033215 | router_noise=none scales: ['0.0000']
[Epoch 002/50] task=0.0745  step_route=0.6043  bal=-0.7707  halt=1.0000  val=0.0715  route_acc=0.4053  route_hung=0.6181  route_ami=0.5728  entropy_norm=0.9722  cos_max=0.0028  tok/s=2554
[Epoch 003 Batch 0] Router grad norm: 0.013559 | router_noise=none scales: ['0.0000']
[Epoch 004 Batch 0] Router grad norm: 0.080663 | router_noise=none scales: ['0.0000']
[Epoch 004/50] task=0.0728  step_route=0.5924  bal=-0.7766  halt=1.0000  val=0.0709  route_acc=0.3380  route_hung=0.4758  route_ami=0.4209  entropy_norm=0.9876  cos_max=0.0060  tok/s=2462
[Epoch 005 Batch 0] Router grad norm: 0.011655 | router_noise=none scales: ['0.0000']
[Epoch 006 Batch 0] Router grad norm: 0.013489 | router_noise=none scales: ['0.0000']
[Epoch 006/50] task=0.0724  step_route=0.5882  bal=-0.7404  halt=1.0000  val=0.0706  route_acc=0.4946  route_hung=0.4946  route_ami=0.4929  entropy_norm=0.9850  cos_max=0.0149  tok/s=2532
[Epoch 007 Batch 0] Router grad norm: 0.012990 | router_noise=none scales: ['0.0000']
[Epoch 008 Batch 0] Router grad norm: 0.016791 | router_noise=none scales: ['0.0000']
[Epoch 008/50] task=0.0726  step_route=0.6000  bal=-0.7261  halt=1.0000  val=0.0707  route_acc=0.3550  route_hung=0.5588  route_ami=0.5667  entropy_norm=0.9871  cos_max=0.0215  tok/s=2607
[Epoch 009 Batch 0] Router grad norm: 0.013388 | router_noise=none scales: ['0.0000']
[Epoch 010 Batch 0] Router grad norm: 0.026408 | router_noise=none scales: ['0.0000']
[Epoch 010/50] task=0.0710  step_route=0.5797  bal=-0.7631  halt=1.0000  val=0.0714  route_acc=0.4117  route_hung=0.4487  route_ami=0.3806  entropy_norm=0.9915  cos_max=0.0287  tok/s=2628
[Epoch 011 Batch 0] Router grad norm: 0.024264 | router_noise=none scales: ['0.0000']
[Epoch 012 Batch 0] Router grad norm: 0.007538 | router_noise=none scales: ['0.0000']
[Epoch 012/50] task=0.0707  step_route=0.5866  bal=-0.7518  halt=1.0000  val=0.0694  route_acc=0.4895  route_hung=0.5189  route_ami=0.4634  entropy_norm=0.9961  cos_max=0.0349  tok/s=2630
[Epoch 013 Batch 0] Router grad norm: 0.009556 | router_noise=none scales: ['0.0000']
[Epoch 014 Batch 0] Router grad norm: 0.014249 | router_noise=none scales: ['0.0000']
[Epoch 014/50] task=0.0679  step_route=0.5875  bal=-0.7650  halt=1.0000  val=0.0661  route_acc=0.5228  route_hung=0.5228  route_ami=0.4807  entropy_norm=0.9952  cos_max=0.0407  tok/s=2613
[Epoch 015 Batch 0] Router grad norm: 0.012049 | router_noise=none scales: ['0.0000']
[Epoch 016 Batch 0] Router grad norm: 0.012962 | router_noise=none scales: ['0.0000']
[Epoch 016/50] task=0.0668  step_route=0.5843  bal=-0.7678  halt=1.0000  val=0.0645  route_acc=0.4959  route_hung=0.4959  route_ami=0.4125  entropy_norm=0.9975  cos_max=0.0476  tok/s=2590
[Epoch 017 Batch 0] Router grad norm: 0.008627 | router_noise=none scales: ['0.0000']
[Epoch 018 Batch 0] Router grad norm: 0.009265 | router_noise=none scales: ['0.0000']
[Epoch 018/50] task=0.0665  step_route=0.5685  bal=-0.7866  halt=1.0000  val=0.0643  route_acc=0.3667  route_hung=0.4433  route_ami=0.4448  entropy_norm=0.9987  cos_max=0.0536  tok/s=2597
[Epoch 019 Batch 0] Router grad norm: 0.010987 | router_noise=none scales: ['0.0000']
[Epoch 020 Batch 0] Router grad norm: 0.012761 | router_noise=none scales: ['0.0000']
[Epoch 020/50] task=0.0655  step_route=0.5715  bal=-0.7839  halt=1.0000  val=0.0647  route_acc=0.4436  route_hung=0.4950  route_ami=0.4553  entropy_norm=0.9992  cos_max=0.0572  tok/s=2645
[Epoch 021 Batch 0] Router grad norm: 0.018533 | router_noise=none scales: ['0.0000']
[Epoch 022 Batch 0] Router grad norm: 0.009316 | router_noise=none scales: ['0.0000']
[Epoch 022/50] task=0.0652  step_route=0.5673  bal=-0.7854  halt=1.0000  val=0.0642  route_acc=0.3708  route_hung=0.4485  route_ami=0.4474  entropy_norm=0.9986  cos_max=0.0617  tok/s=2576
[Epoch 023 Batch 0] Router grad norm: 0.011300 | router_noise=none scales: ['0.0000']
[Epoch 024 Batch 0] Router grad norm: 0.013183 | router_noise=none scales: ['0.0000']
[Epoch 024/50] task=0.0677  step_route=0.5673  bal=-0.7827  halt=1.0000  val=0.0678  route_acc=0.4374  route_hung=0.4875  route_ami=0.4863  entropy_norm=0.9977  cos_max=0.0635  tok/s=2638
[Epoch 025 Batch 0] Router grad norm: 0.016407 | router_noise=none scales: ['0.0000']
[Epoch 026 Batch 0] Router grad norm: 0.010907 | router_noise=none scales: ['0.0000']
[Epoch 026/50] task=0.0662  step_route=0.5684  bal=-0.7507  halt=1.0000  val=0.0655  route_acc=0.2475  route_hung=0.4729  route_ami=0.4115  entropy_norm=0.9881  cos_max=0.0660  tok/s=2655
[Epoch 027 Batch 0] Router grad norm: 0.066548 | router_noise=none scales: ['0.0000']
[Epoch 028 Batch 0] Router grad norm: 0.017005 | router_noise=none scales: ['0.0000']
[Epoch 028/50] task=0.0646  step_route=0.5722  bal=-0.7841  halt=1.0000  val=0.0641  route_acc=0.3918  route_hung=0.4460  route_ami=0.4109  entropy_norm=0.9991  cos_max=0.0687  tok/s=2595
[Epoch 029 Batch 0] Router grad norm: 0.008343 | router_noise=none scales: ['0.0000']
[Epoch 030 Batch 0] Router grad norm: 0.009853 | router_noise=none scales: ['0.0000']
[Epoch 030/50] task=0.0643  step_route=0.5731  bal=-0.7849  halt=1.0000  val=0.0640  route_acc=0.3906  route_hung=0.4454  route_ami=0.4064  entropy_norm=0.9995  cos_max=0.0714  tok/s=2623
[Epoch 031 Batch 0] Router grad norm: 0.006850 | router_noise=none scales: ['0.0000']
[Epoch 032 Batch 0] Router grad norm: 0.011386 | router_noise=none scales: ['0.0000']
[Epoch 032/50] task=0.0637  step_route=0.5688  bal=-0.7883  halt=1.0000  val=0.0630  route_acc=0.3636  route_hung=0.4237  route_ami=0.3955  entropy_norm=0.9998  cos_max=0.0723  tok/s=2636
[Epoch 033 Batch 0] Router grad norm: 0.011883 | router_noise=none scales: ['0.0000']
[Epoch 034 Batch 0] Router grad norm: 0.019334 | router_noise=none scales: ['0.0000']
[Epoch 034/50] task=0.0630  step_route=0.5707  bal=-0.7906  halt=1.0000  val=0.0636  route_acc=0.5110  route_hung=0.5110  route_ami=0.5179  entropy_norm=0.9994  cos_max=0.0737  tok/s=2559
[Epoch 035 Batch 0] Router grad norm: 0.011983 | router_noise=none scales: ['0.0000']
[Epoch 036 Batch 0] Router grad norm: 0.009457 | router_noise=none scales: ['0.0000']
[Epoch 036/50] task=0.0629  step_route=0.5708  bal=-0.7900  halt=1.0000  val=0.0636  route_acc=0.4347  route_hung=0.4910  route_ami=0.4362  entropy_norm=0.9999  cos_max=0.0742  tok/s=2505
[Epoch 037 Batch 0] Router grad norm: 0.019203 | router_noise=none scales: ['0.0000']
[Epoch 038 Batch 0] Router grad norm: 0.008570 | router_noise=none scales: ['0.0000']
[Epoch 038/50] task=0.0625  step_route=0.5708  bal=-0.7901  halt=1.0000  val=0.0640  route_acc=0.3658  route_hung=0.5016  route_ami=0.4774  entropy_norm=0.9988  cos_max=0.0743  tok/s=2591
[Epoch 039 Batch 0] Router grad norm: 0.014074 | router_noise=none scales: ['0.0000']
[Epoch 040 Batch 0] Router grad norm: 0.013156 | router_noise=none scales: ['0.0000']
[Epoch 040/50] task=0.0623  step_route=0.5694  bal=-0.7920  halt=1.0000  val=0.0631  route_acc=0.4345  route_hung=0.4899  route_ami=0.5002  entropy_norm=0.9963  cos_max=0.0745  tok/s=2580
[Epoch 041 Batch 0] Router grad norm: 0.012377 | router_noise=none scales: ['0.0000']
[Epoch 042 Batch 0] Router grad norm: 0.010366 | router_noise=none scales: ['0.0000']
[Epoch 042/50] task=0.0619  step_route=0.5670  bal=-0.7926  halt=1.0000  val=0.0634  route_acc=0.4342  route_hung=0.4915  route_ami=0.5013  entropy_norm=0.9980  cos_max=0.0747  tok/s=2565
[Epoch 043 Batch 0] Router grad norm: 0.009108 | router_noise=none scales: ['0.0000']
[Epoch 044 Batch 0] Router grad norm: 0.013902 | router_noise=none scales: ['0.0000']
[Epoch 044/50] task=0.0614  step_route=0.5709  bal=-0.7926  halt=1.0000  val=0.0634  route_acc=0.4344  route_hung=0.4902  route_ami=0.4965  entropy_norm=0.9983  cos_max=0.0747  tok/s=2463
[Epoch 045 Batch 0] Router grad norm: 0.012705 | router_noise=none scales: ['0.0000']
[Epoch 046 Batch 0] Router grad norm: 0.014175 | router_noise=none scales: ['0.0000']
[Epoch 046/50] task=0.0612  step_route=0.5685  bal=-0.7932  halt=1.0000  val=0.0630  route_acc=0.4343  route_hung=0.4919  route_ami=0.4987  entropy_norm=0.9977  cos_max=0.0748  tok/s=2548
[Epoch 047 Batch 0] Router grad norm: 0.010071 | router_noise=none scales: ['0.0000']
[Epoch 048 Batch 0] Router grad norm: 0.012129 | router_noise=none scales: ['0.0000']
[Epoch 048/50] task=0.0611  step_route=0.5679  bal=-0.7939  halt=1.0000  val=0.0631  route_acc=0.4343  route_hung=0.4917  route_ami=0.4991  entropy_norm=0.9966  cos_max=0.0748  tok/s=2771
[Epoch 049 Batch 0] Router grad norm: 0.015503 | router_noise=none scales: ['0.0000']
[Epoch 050 Batch 0] Router grad norm: 0.014840 | router_noise=none scales: ['0.0000']
[Epoch 050/50] task=0.0610  step_route=0.5679  bal=-0.7939  halt=1.0000  val=0.0631  route_acc=0.4342  route_hung=0.4917  route_ami=0.4991  entropy_norm=0.9966  cos_max=0.0748  tok/s=2681

[Train] Complete. Best val_loss = 0.062988
[Seed] ops without a deterministic implementation were used in this run: _histc_cuda. Losses may not reproduce bitwise; this is recorded in provenance rather than hidden.
[Run] metrics written to C:\Users\Hp\Desktop\Waste\MoRE\runs\t10_more_fixed_depth_seed45__be64ebdc\metrics.json
[exit=0 at 18:38:07]
===== fixed_depth seed=46  18:38:07 =====
wandb: [wandb.login()] Loaded credentials for https://api.wandb.ai from C:\Users\Hp\_netrc.
wandb: Currently logged in as: rshisode607 (rshisode607-government-college-of-engineering-aurangabad) to https://api.wandb.ai. Use `wandb login --relogin` to force relogin
wandb: WARNING Using a boolean value for 'reinit' is deprecated. Use 'return_previous' or 'finish_previous' instead.
wandb: Tracking run with wandb version 0.28.0
wandb: Run data is saved locally in C:\Users\Hp\Desktop\Waste\MoRE\code\wandb\run-20260829_183831-m2ttgpfh
wandb: Run `wandb offline` to turn off syncing.
wandb: Syncing run t10_more_fixed_depth_seed46
wandb:  View project at https://wandb.ai/rshisode607-government-college-of-engineering-aurangabad/micro-MoRE-poc
wandb:  View run at https://wandb.ai/rshisode607-government-college-of-engineering-aurangabad/micro-MoRE-poc/runs/m2ttgpfh
C:\Users\Hp\anaconda3\envs\more_env\lib\site-packages\wandb\integration\torch\wandb_torch.py:187: UserWarning: _histc_cuda does not have a deterministic implementation, but you set 'torch.use_deterministic_algorithms(True, warn_only=True)'. You can file an issue at https://github.com/pytorch/pytorch/issues to help us prioritize adding deterministic support for this operation. (Triggered internally at C:\cb\pytorch_1000000000000\work\aten\src\ATen\Context.cpp:95.)
  flat.histc(bins=self._num_bins)
wandb: WARNING Artifact "run-m2ttgpfh-paperop_avg_recursion_depth_table-lqnLbw" already exists with the same content. No new version will be created.
wandb: WARNING Artifact "run-m2ttgpfh-paperop_avg_recursion_depth_table-lqnLbw" already exists with the same content. No new version will be created.
wandb: WARNING Artifact "run-m2ttgpfh-paperop_avg_recursion_depth_table-lqnLbw" already exists with the same content. No new version will be created.
wandb: WARNING Artifact "run-m2ttgpfh-paperop_avg_recursion_depth_table-lqnLbw" already exists with the same content. No new version will be created.
wandb: WARNING Artifact "run-m2ttgpfh-paperop_avg_recursion_depth_table-lqnLbw" already exists with the same content. No new version will be created.
wandb: WARNING Artifact "run-m2ttgpfh-paperop_avg_recursion_depth_table-lqnLbw" already exists with the same content. No new version will be created.
wandb: WARNING Artifact "run-m2ttgpfh-paperop_avg_recursion_depth_table-lqnLbw" already exists with the same content. No new version will be created.
wandb: WARNING Artifact "run-m2ttgpfh-paperop_avg_recursion_depth_table-lqnLbw" already exists with the same content. No new version will be created.
wandb: WARNING Artifact "run-m2ttgpfh-paperop_avg_recursion_depth_table-lqnLbw" already exists with the same content. No new version will be created.
wandb: WARNING Artifact "run-m2ttgpfh-paperop_avg_recursion_depth_table-lqnLbw" already exists with the same content. No new version will be created.
wandb: WARNING Artifact "run-m2ttgpfh-paperop_avg_recursion_depth_table-lqnLbw" already exists with the same content. No new version will be created.
wandb: WARNING Artifact "run-m2ttgpfh-paperop_avg_recursion_depth_table-lqnLbw" already exists with the same content. No new version will be created.
wandb: WARNING Artifact "run-m2ttgpfh-paperop_avg_recursion_depth_table-lqnLbw" already exists with the same content. No new version will be created.
wandb: WARNING Artifact "run-m2ttgpfh-paperop_avg_recursion_depth_table-lqnLbw" already exists with the same content. No new version will be created.
wandb: WARNING Artifact "run-m2ttgpfh-paperop_avg_recursion_depth_table-lqnLbw" already exists with the same content. No new version will be created.
wandb: WARNING Artifact "run-m2ttgpfh-paperop_avg_recursion_depth_table-lqnLbw" already exists with the same content. No new version will be created.
wandb: WARNING Artifact "run-m2ttgpfh-paperop_avg_recursion_depth_table-lqnLbw" already exists with the same content. No new version will be created.
wandb: WARNING Artifact "run-m2ttgpfh-paperop_avg_recursion_depth_table-lqnLbw" already exists with the same content. No new version will be created.
wandb: WARNING Artifact "run-m2ttgpfh-paperop_avg_recursion_depth_table-lqnLbw" already exists with the same content. No new version will be created.
wandb: WARNING Artifact "run-m2ttgpfh-paperop_avg_recursion_depth_table-lqnLbw" already exists with the same content. No new version will be created.
wandb: WARNING Artifact "run-m2ttgpfh-paperop_avg_recursion_depth_table-lqnLbw" already exists with the same content. No new version will be created.
wandb: WARNING Artifact "run-m2ttgpfh-paperop_avg_recursion_depth_table-lqnLbw" already exists with the same content. No new version will be created.
wandb: uploading artifact run-m2ttgpfh-paperop_avg_recursion_depth_table-lqnLbw; updating run metadata
wandb: WARNING Artifact "run-m2ttgpfh-paperop_avg_recursion_depth_table-lqnLbw" already exists with the same content. No new version will be created.
wandb: uploading output.log; uploading wandb-summary.json; uploading config.yaml; uploading media\images\paper\routing_confusion_matrix_49_f3ce3b907fb409d461f0.png; uploading media\images\paper\routing_confusion_matrix_counts_49_030f39b2e8141cd937ec.png (+ 2 more)
wandb: uploading wandb-summary.json; uploading config.yaml; uploading media\images\paper\routing_confusion_matrix_49_f3ce3b907fb409d461f0.png; uploading media\images\paper\routing_confusion_matrix_counts_49_030f39b2e8141cd937ec.png; uploading media\images\paper\op_avg_recursion_depth_49_5c2c2bb59d663427c78c.png (+ 1 more)
wandb: uploading config.yaml; uploading media\images\paper\routing_confusion_matrix_49_f3ce3b907fb409d461f0.png; uploading media\images\paper\routing_confusion_matrix_counts_49_030f39b2e8141cd937ec.png; uploading media\images\paper\op_avg_recursion_depth_49_5c2c2bb59d663427c78c.png; uploading media\table\paper\op_avg_recursion_depth_table_49_dd150f64e0ff47b5f20d.table.json
wandb: uploading media\images\paper\op_avg_recursion_depth_49_5c2c2bb59d663427c78c.png
wandb: uploading history steps 49-50, summary, console lines 98-102
wandb: 
wandb: Run summary:
wandb:   depth/allocation_error_abs 5.88537
wandb:   depth/allocation_error_rel 3.95635
wandb:        depth_dist/step_1_pct 0
wandb:        depth_dist/step_2_pct 0
wandb:        depth_dist/step_3_pct 0
wandb:        depth_dist/step_4_pct 0
wandb:        depth_dist/step_5_pct 0
wandb:        depth_dist/step_6_pct 0
wandb:        depth_dist/step_7_pct 100
wandb: diag/max_pairwise_cosine_sim 0.12719
wandb:                         +116 ...
wandb: 
wandb:  View run t10_more_fixed_depth_seed46 at: https://wandb.ai/rshisode607-government-college-of-engineering-aurangabad/micro-MoRE-poc/runs/m2ttgpfh
wandb:  View project at: https://wandb.ai/rshisode607-government-college-of-engineering-aurangabad/micro-MoRE-poc
wandb: Synced 5 W&B file(s), 100 media file(s), 2 artifact file(s) and 0 other file(s)
wandb: Find logs at: .\wandb\run-20260829_183831-m2ttgpfh\logs
[Run] architecture   = more
[Run] experiment_id   = t10_more_fixed_depth_seed46__557b8dcf
[Run] experiment_group= exploratory
[Run] output directory= C:\Users\Hp\Desktop\Waste\MoRE\runs\t10_more_fixed_depth_seed46__557b8dcf
[Seed] seed=46  determinism=warn_only  streams=random+numpy+torch_cpu+torch_cuda+dataloader_generator+dataloader_worker
[Seed] cudnn.deterministic=True  cudnn.benchmark=False  deterministic_algorithms=True  CUBLAS_WORKSPACE_CONFIG=:4096:8
[Train] Device: cuda
[Train] Effective settings: epochs=50, lr=0.001, routing_balance=0.001, step_routing=0.0, subset_fraction=1.0, subset_seed=46
[Dataset] Loaded 59500 records from 'C:\Users\Hp\Desktop\Waste\MoRE\data\train.jsonl'.
[Dataset] Using validation set: C:\Users\Hp\Desktop\Waste\MoRE\data\val.jsonl
[Dataset] Loaded 5250 records from 'C:\Users\Hp\Desktop\Waste\MoRE\data\val.jsonl'.
[Model] Total parameters: 3,201,555
[Train] halting: ponder_weight=0.001, supervision=OFF (pure ACT)
[Epoch 001 Batch 0] Router grad norm: 0.328889 | router_noise=none scales: ['0.0000']
[Epoch 002 Batch 0] Router grad norm: 0.013947 | router_noise=none scales: ['0.0000']
[Epoch 002/50] task=0.0749  step_route=0.5000  bal=-0.7073  halt=1.0000  val=0.0731  route_acc=0.1018  route_hung=0.5104  route_ami=0.4817  entropy_norm=0.9417  cos_max=0.0055  tok/s=2692
[Epoch 003 Batch 0] Router grad norm: 0.016233 | router_noise=none scales: ['0.0000']
[Epoch 004 Batch 0] Router grad norm: 0.007643 | router_noise=none scales: ['0.0000']
[Epoch 004/50] task=0.0733  step_route=0.5091  bal=-0.7314  halt=1.0000  val=0.0705  route_acc=0.0504  route_hung=0.5653  route_ami=0.6291  entropy_norm=0.9578  cos_max=0.0158  tok/s=2549
[Epoch 005 Batch 0] Router grad norm: 0.026852 | router_noise=none scales: ['0.0000']
[Epoch 006 Batch 0] Router grad norm: 0.013141 | router_noise=none scales: ['0.0000']
[Epoch 006/50] task=0.0720  step_route=0.5139  bal=-0.7322  halt=1.0000  val=0.0705  route_acc=0.0619  route_hung=0.5016  route_ami=0.4192  entropy_norm=0.9719  cos_max=0.0303  tok/s=2323
[Epoch 007 Batch 0] Router grad norm: 0.018473 | router_noise=none scales: ['0.0000']
[Epoch 008 Batch 0] Router grad norm: 0.011969 | router_noise=none scales: ['0.0000']
[Epoch 008/50] task=0.0703  step_route=0.5062  bal=-0.7486  halt=1.0000  val=0.0697  route_acc=0.0618  route_hung=0.4572  route_ami=0.4472  entropy_norm=0.9806  cos_max=0.0483  tok/s=2151
[Epoch 009 Batch 0] Router grad norm: 0.014301 | router_noise=none scales: ['0.0000']
[Epoch 010 Batch 0] Router grad norm: 0.010813 | router_noise=none scales: ['0.0000']
[Epoch 010/50] task=0.0689  step_route=0.4995  bal=-0.7641  halt=1.0000  val=0.0651  route_acc=0.0918  route_hung=0.4916  route_ami=0.4732  entropy_norm=0.9868  cos_max=0.0608  tok/s=2195
[Epoch 011 Batch 0] Router grad norm: 0.021416 | router_noise=none scales: ['0.0000']
[Epoch 012 Batch 0] Router grad norm: 0.015293 | router_noise=none scales: ['0.0000']
[Epoch 012/50] task=0.0708  step_route=0.4978  bal=-0.7228  halt=1.0000  val=0.0697  route_acc=0.0471  route_hung=0.4420  route_ami=0.4260  entropy_norm=0.9744  cos_max=0.0765  tok/s=1930
[Epoch 013 Batch 0] Router grad norm: 0.020593 | router_noise=none scales: ['0.0000']
[Epoch 014 Batch 0] Router grad norm: 0.013256 | router_noise=none scales: ['0.0000']
[Epoch 014/50] task=0.0685  step_route=0.5121  bal=-0.7560  halt=1.0000  val=0.0681  route_acc=0.0626  route_hung=0.3652  route_ami=0.2518  entropy_norm=0.9949  cos_max=0.0867  tok/s=1938
[Epoch 015 Batch 0] Router grad norm: 0.012717 | router_noise=none scales: ['0.0000']
[Epoch 016 Batch 0] Router grad norm: 0.008356 | router_noise=none scales: ['0.0000']
[Epoch 016/50] task=0.0679  step_route=0.5101  bal=-0.7530  halt=1.0000  val=0.0663  route_acc=0.1100  route_hung=0.3956  route_ami=0.3334  entropy_norm=0.9887  cos_max=0.0925  tok/s=1808
[Epoch 017 Batch 0] Router grad norm: 0.090537 | router_noise=none scales: ['0.0000']
[Epoch 018 Batch 0] Router grad norm: 0.007230 | router_noise=none scales: ['0.0000']
[Epoch 018/50] task=0.0660  step_route=0.5107  bal=-0.7579  halt=1.0000  val=0.0656  route_acc=0.0904  route_hung=0.4876  route_ami=0.4379  entropy_norm=0.9995  cos_max=0.1018  tok/s=1798
[Epoch 019 Batch 0] Router grad norm: 0.012311 | router_noise=none scales: ['0.0000']
[Epoch 020 Batch 0] Router grad norm: 0.019908 | router_noise=none scales: ['0.0000']
[Epoch 020/50] task=0.0652  step_route=0.5018  bal=-0.7663  halt=1.0000  val=0.0641  route_acc=0.3088  route_hung=0.4792  route_ami=0.4173  entropy_norm=0.9996  cos_max=0.1064  tok/s=2064
[Epoch 021 Batch 0] Router grad norm: 0.022279 | router_noise=none scales: ['0.0000']
[Epoch 022 Batch 0] Router grad norm: 0.013324 | router_noise=none scales: ['0.0000']
[Epoch 022/50] task=0.0652  step_route=0.4994  bal=-0.7799  halt=1.0000  val=0.0648  route_acc=0.0601  route_hung=0.4336  route_ami=0.4368  entropy_norm=0.9994  cos_max=0.1114  tok/s=2019
[Epoch 023 Batch 0] Router grad norm: 0.017581 | router_noise=none scales: ['0.0000']
[Epoch 024 Batch 0] Router grad norm: 0.006732 | router_noise=none scales: ['0.0000']
[Epoch 024/50] task=0.0648  step_route=0.5003  bal=-0.7762  halt=1.0000  val=0.0636  route_acc=0.1516  route_hung=0.4209  route_ami=0.3929  entropy_norm=0.9993  cos_max=0.1148  tok/s=2049
[Epoch 025 Batch 0] Router grad norm: 0.017095 | router_noise=none scales: ['0.0000']
[Epoch 026 Batch 0] Router grad norm: 0.009279 | router_noise=none scales: ['0.0000']
[Epoch 026/50] task=0.0642  step_route=0.5042  bal=-0.7848  halt=1.0000  val=0.0636  route_acc=0.2752  route_hung=0.4726  route_ami=0.4098  entropy_norm=0.9984  cos_max=0.1185  tok/s=2027
[Epoch 027 Batch 0] Router grad norm: 0.006609 | router_noise=none scales: ['0.0000']
[Epoch 028 Batch 0] Router grad norm: 0.015668 | router_noise=none scales: ['0.0000']
[Epoch 028/50] task=0.0638  step_route=0.4969  bal=-0.7814  halt=1.0000  val=0.0640  route_acc=0.1972  route_hung=0.5240  route_ami=0.5288  entropy_norm=0.9993  cos_max=0.1210  tok/s=2068
[Epoch 029 Batch 0] Router grad norm: 0.010066 | router_noise=none scales: ['0.0000']
[Epoch 030 Batch 0] Router grad norm: 0.008428 | router_noise=none scales: ['0.0000']
[Epoch 030/50] task=0.0638  step_route=0.5020  bal=-0.7854  halt=1.0000  val=0.0642  route_acc=0.1781  route_hung=0.5256  route_ami=0.5070  entropy_norm=0.9995  cos_max=0.1229  tok/s=2014
[Epoch 031 Batch 0] Router grad norm: 0.010925 | router_noise=none scales: ['0.0000']
[Epoch 032 Batch 0] Router grad norm: 0.009665 | router_noise=none scales: ['0.0000']
[Epoch 032/50] task=0.0632  step_route=0.5035  bal=-0.7837  halt=1.0000  val=0.0634  route_acc=0.1164  route_hung=0.4792  route_ami=0.4795  entropy_norm=0.9994  cos_max=0.1245  tok/s=2032
[Epoch 033 Batch 0] Router grad norm: 0.010728 | router_noise=none scales: ['0.0000']
[Epoch 034 Batch 0] Router grad norm: 0.012298 | router_noise=none scales: ['0.0000']
[Epoch 034/50] task=0.0627  step_route=0.5045  bal=-0.7877  halt=1.0000  val=0.0632  route_acc=0.1762  route_hung=0.4644  route_ami=0.4098  entropy_norm=0.9992  cos_max=0.1256  tok/s=2068
[Epoch 035 Batch 0] Router grad norm: 0.013307 | router_noise=none scales: ['0.0000']
[Epoch 036 Batch 0] Router grad norm: 0.010886 | router_noise=none scales: ['0.0000']
[Epoch 036/50] task=0.0625  step_route=0.5043  bal=-0.7885  halt=1.0000  val=0.0629  route_acc=0.2384  route_hung=0.4517  route_ami=0.4042  entropy_norm=0.9998  cos_max=0.1264  tok/s=1953
[Epoch 037 Batch 0] Router grad norm: 0.010452 | router_noise=none scales: ['0.0000']
[Epoch 038 Batch 0] Router grad norm: 0.010083 | router_noise=none scales: ['0.0000']
[Epoch 038/50] task=0.0620  step_route=0.5068  bal=-0.7859  halt=1.0000  val=0.0627  route_acc=0.2589  route_hung=0.5177  route_ami=0.4268  entropy_norm=0.9991  cos_max=0.1270  tok/s=2009
[Epoch 039 Batch 0] Router grad norm: 0.010650 | router_noise=none scales: ['0.0000']
[Epoch 040 Batch 0] Router grad norm: 0.008282 | router_noise=none scales: ['0.0000']
[Epoch 040/50] task=0.0618  step_route=0.5076  bal=-0.7882  halt=1.0000  val=0.0631  route_acc=0.2166  route_hung=0.5117  route_ami=0.4426  entropy_norm=0.9991  cos_max=0.1275  tok/s=2015
[Epoch 041 Batch 0] Router grad norm: 0.014021 | router_noise=none scales: ['0.0000']
[Epoch 042 Batch 0] Router grad norm: 0.007726 | router_noise=none scales: ['0.0000']
[Epoch 042/50] task=0.0613  step_route=0.5098  bal=-0.7891  halt=1.0000  val=0.0628  route_acc=0.2179  route_hung=0.5377  route_ami=0.4551  entropy_norm=0.9992  cos_max=0.1274  tok/s=2032
[Epoch 043 Batch 0] Router grad norm: 0.014994 | router_noise=none scales: ['0.0000']
[Epoch 044 Batch 0] Router grad norm: 0.017907 | router_noise=none scales: ['0.0000']
[Epoch 044/50] task=0.0613  step_route=0.5112  bal=-0.7895  halt=1.0000  val=0.0628  route_acc=0.3042  route_hung=0.6274  route_ami=0.5463  entropy_norm=0.9978  cos_max=0.1272  tok/s=2036
[Epoch 045 Batch 0] Router grad norm: 0.017359 | router_noise=none scales: ['0.0000']
[Epoch 046 Batch 0] Router grad norm: 0.010970 | router_noise=none scales: ['0.0000']
[Epoch 046/50] task=0.0608  step_route=0.5099  bal=-0.7886  halt=1.0000  val=0.0628  route_acc=0.3040  route_hung=0.5762  route_ami=0.4865  entropy_norm=0.9979  cos_max=0.1273  tok/s=2066
[Epoch 047 Batch 0] Router grad norm: 0.010383 | router_noise=none scales: ['0.0000']
[Epoch 048 Batch 0] Router grad norm: 0.015935 | router_noise=none scales: ['0.0000']
[Epoch 048/50] task=0.0608  step_route=0.5105  bal=-0.7885  halt=1.0000  val=0.0629  route_acc=0.3037  route_hung=0.5676  route_ami=0.4779  entropy_norm=0.9982  cos_max=0.1272  tok/s=2040
[Epoch 049 Batch 0] Router grad norm: 0.013286 | router_noise=none scales: ['0.0000']
[Epoch 050 Batch 0] Router grad norm: 0.021243 | router_noise=none scales: ['0.0000']
[Epoch 050/50] task=0.0605  step_route=0.5104  bal=-0.7885  halt=1.0000  val=0.0629  route_acc=0.3035  route_hung=0.5711  route_ami=0.4792  entropy_norm=0.9981  cos_max=0.1272  tok/s=2027

[Train] Complete. Best val_loss = 0.062705
[Seed] ops without a deterministic implementation were used in this run: _histc_cuda. Losses may not reproduce bitwise; this is recorded in provenance rather than hidden.
[Run] metrics written to C:\Users\Hp\Desktop\Waste\MoRE\runs\t10_more_fixed_depth_seed46__557b8dcf\metrics.json
[exit=0 at 19:04:56]
