{"time":"2026-06-30T18:08:00.9950405+05:30","level":"INFO","msg":"wandb-core"}
{"time":"2026-06-30T18:08:00.9955707+05:30","level":"INFO","msg":"stream: starting","core version":"0.28.0"}
{"time":"2026-06-30T18:08:01.8009904+05:30","level":"INFO","msg":"stream: created new stream","id":"p65i9vrh"}
{"time":"2026-06-30T18:08:01.8009904+05:30","level":"INFO","msg":"handler: started"}
{"time":"2026-06-30T18:08:01.8038564+05:30","level":"INFO","msg":"stream: started"}
{"time":"2026-06-30T18:08:01.8044175+05:30","level":"INFO","msg":"writer: started","stream_id":"p65i9vrh"}
{"time":"2026-06-30T18:08:01.8044175+05:30","level":"INFO","msg":"sender: started"}
{"time":"2026-06-30T18:08:08.9900131+05:30","level":"INFO","msg":"filestream: sending request","total_files":0,"uploaded_len":1}
{"time":"2026-06-30T18:08:09.684014+05:30","level":"INFO","msg":"filestream: request sent","status":"200 OK"}
{"time":"2026-06-30T18:08:23.9903835+05:30","level":"INFO","msg":"filestream: sending request","total_files":4,"history_offset":0,"history_lines":1,"events_offset":0,"events_lines":2,"console_offset":0,"console_lines":2,"uploaded_len":1}
{"time":"2026-06-30T18:08:25.0209249+05:30","level":"INFO","msg":"filestream: request sent","status":"200 OK"}
{"time":"2026-06-30T18:08:38.990609+05:30","level":"INFO","msg":"filestream: sending request","total_files":4,"history_offset":1,"history_lines":1,"events_offset":2,"events_lines":2,"console_offset":2,"console_lines":1}
{"time":"2026-06-30T18:08:39.9243322+05:30","level":"INFO","msg":"filestream: request sent","status":"200 OK"}
{"time":"2026-06-30T18:08:53.9905959+05:30","level":"INFO","msg":"filestream: sending request","total_files":4,"history_offset":2,"history_lines":3,"events_offset":4,"events_lines":2,"console_offset":3,"console_lines":4}
{"time":"2026-06-30T18:08:54.4123609+05:30","level":"INFO","msg":"fileTransfer: Close: file transfer manager closed"}
{"time":"2026-06-30T18:08:55.6005065+05:30","level":"INFO","msg":"filestream: request sent","status":"200 OK"}
{"time":"2026-06-30T18:08:55.6005065+05:30","level":"INFO","msg":"filestream: sending request","total_files":0,"uploaded_len":3,"complete":true,"exit_code":0}
{"time":"2026-06-30T18:08:56.0544927+05:30","level":"INFO","msg":"filestream: request sent","status":"200 OK"}
{"time":"2026-06-30T18:08:56.0571792+05:30","level":"INFO","msg":"handler: operation stats","stats":{}}
{"time":"2026-06-30T18:08:56.0668693+05:30","level":"INFO","msg":"stream: finishing up"}
{"time":"2026-06-30T18:08:56.0668693+05:30","level":"INFO","msg":"handler: closed"}
{"time":"2026-06-30T18:08:56.0673781+05:30","level":"INFO","msg":"sender: closed"}
{"time":"2026-06-30T18:08:56.0673781+05:30","level":"INFO","msg":"stream: all finished"}
