{"time":"2026-06-30T09:26:41.7570758+05:30","level":"INFO","msg":"wandb-core"}
{"time":"2026-06-30T09:26:41.7581381+05:30","level":"INFO","msg":"stream: starting","core version":"0.28.0"}
{"time":"2026-06-30T09:26:43.2494472+05:30","level":"INFO","msg":"stream: created new stream","id":"iaiunyek"}
{"time":"2026-06-30T09:26:43.2494472+05:30","level":"INFO","msg":"handler: started"}
{"time":"2026-06-30T09:26:43.2659681+05:30","level":"INFO","msg":"stream: started"}
{"time":"2026-06-30T09:26:43.2664389+05:30","level":"INFO","msg":"sender: started"}
{"time":"2026-06-30T09:26:43.2664389+05:30","level":"INFO","msg":"writer: started","stream_id":"iaiunyek"}
{"time":"2026-06-30T09:26:51.2935771+05:30","level":"INFO","msg":"filestream: sending request","total_files":0,"uploaded_len":1}
{"time":"2026-06-30T09:26:51.903787+05:30","level":"INFO","msg":"filestream: request sent","status":"200 OK"}
{"time":"2026-06-30T09:27:06.2946134+05:30","level":"INFO","msg":"filestream: sending request","total_files":1,"events_offset":0,"events_lines":2,"uploaded_len":1}
{"time":"2026-06-30T09:27:07.1794852+05:30","level":"INFO","msg":"filestream: request sent","status":"200 OK"}
{"time":"2026-06-30T09:27:21.2938757+05:30","level":"INFO","msg":"filestream: sending request","total_files":1,"events_offset":2,"events_lines":2}
{"time":"2026-06-30T09:27:21.867617+05:30","level":"INFO","msg":"filestream: request sent","status":"200 OK"}
{"time":"2026-06-30T09:27:36.2938507+05:30","level":"INFO","msg":"filestream: sending request","total_files":1,"events_offset":4,"events_lines":2}
{"time":"2026-06-30T09:27:36.8590549+05:30","level":"INFO","msg":"filestream: request sent","status":"200 OK"}
{"time":"2026-06-30T09:27:51.2940194+05:30","level":"INFO","msg":"filestream: sending request","total_files":1,"events_offset":6,"events_lines":2}
{"time":"2026-06-30T09:27:51.9256808+05:30","level":"INFO","msg":"filestream: request sent","status":"200 OK"}
{"time":"2026-06-30T09:28:06.2941832+05:30","level":"INFO","msg":"filestream: sending request","total_files":1,"events_offset":8,"events_lines":2}
{"time":"2026-06-30T09:28:06.8841517+05:30","level":"INFO","msg":"filestream: request sent","status":"200 OK"}
{"time":"2026-06-30T09:28:21.293941+05:30","level":"INFO","msg":"filestream: sending request","total_files":1,"events_offset":10,"events_lines":2}
{"time":"2026-06-30T09:28:21.7329554+05:30","level":"INFO","msg":"filestream: request sent","status":"200 OK"}
{"time":"2026-06-30T09:28:36.3042908+05:30","level":"INFO","msg":"filestream: sending request","total_files":1,"events_offset":12,"events_lines":2}
{"time":"2026-06-30T09:28:36.7358513+05:30","level":"INFO","msg":"filestream: request sent","status":"200 OK"}
{"time":"2026-06-30T09:28:51.2940684+05:30","level":"INFO","msg":"filestream: sending request","total_files":1,"events_offset":14,"events_lines":2}
{"time":"2026-06-30T09:28:51.8506972+05:30","level":"INFO","msg":"filestream: request sent","status":"200 OK"}
{"time":"2026-06-30T09:29:06.293903+05:30","level":"INFO","msg":"filestream: sending request","total_files":1,"events_offset":16,"events_lines":2}
{"time":"2026-06-30T09:29:06.8925582+05:30","level":"INFO","msg":"filestream: request sent","status":"200 OK"}
{"time":"2026-06-30T09:29:21.3037801+05:30","level":"INFO","msg":"filestream: sending request","total_files":4,"history_offset":0,"history_lines":1,"events_offset":18,"events_lines":2,"console_offset":0,"console_lines":1}
{"time":"2026-06-30T09:29:22.0487347+05:30","level":"INFO","msg":"filestream: request sent","status":"200 OK"}
{"time":"2026-06-30T09:29:36.2938827+05:30","level":"INFO","msg":"filestream: sending request","total_files":1,"events_offset":20,"events_lines":2}
{"time":"2026-06-30T09:29:36.7837411+05:30","level":"INFO","msg":"filestream: request sent","status":"200 OK"}
{"time":"2026-06-30T09:29:51.2940628+05:30","level":"INFO","msg":"filestream: sending request","total_files":1,"events_offset":22,"events_lines":2}
{"time":"2026-06-30T09:29:51.9309111+05:30","level":"INFO","msg":"filestream: request sent","status":"200 OK"}
{"time":"2026-06-30T09:30:06.2939718+05:30","level":"INFO","msg":"filestream: sending request","total_files":1,"events_offset":24,"events_lines":2}
{"time":"2026-06-30T09:30:06.9738186+05:30","level":"INFO","msg":"filestream: request sent","status":"200 OK"}
{"time":"2026-06-30T09:30:21.293874+05:30","level":"INFO","msg":"filestream: sending request","total_files":1,"events_offset":26,"events_lines":2}
{"time":"2026-06-30T09:30:22.0529893+05:30","level":"INFO","msg":"filestream: request sent","status":"200 OK"}
{"time":"2026-06-30T09:30:36.2939786+05:30","level":"INFO","msg":"filestream: sending request","total_files":1,"events_offset":28,"events_lines":2}
{"time":"2026-06-30T09:30:36.8886591+05:30","level":"INFO","msg":"filestream: request sent","status":"200 OK"}
{"time":"2026-06-30T09:30:51.2942151+05:30","level":"INFO","msg":"filestream: sending request","total_files":1,"events_offset":30,"events_lines":2}
{"time":"2026-06-30T09:30:51.8359423+05:30","level":"INFO","msg":"filestream: request sent","status":"200 OK"}
{"time":"2026-06-30T09:31:06.2938167+05:30","level":"INFO","msg":"filestream: sending request","total_files":1,"events_offset":32,"events_lines":2}
{"time":"2026-06-30T09:31:06.7760179+05:30","level":"INFO","msg":"filestream: request sent","status":"200 OK"}
{"time":"2026-06-30T09:31:21.3009004+05:30","level":"INFO","msg":"filestream: sending request","total_files":4,"history_offset":1,"history_lines":1,"events_offset":34,"events_lines":2,"console_offset":1,"console_lines":1}
{"time":"2026-06-30T09:31:22.462918+05:30","level":"INFO","msg":"filestream: request sent","status":"200 OK"}
{"time":"2026-06-30T09:31:36.2941034+05:30","level":"INFO","msg":"filestream: sending request","total_files":1,"events_offset":36,"events_lines":2}
{"time":"2026-06-30T09:31:36.9254091+05:30","level":"INFO","msg":"filestream: request sent","status":"200 OK"}
{"time":"2026-06-30T09:31:51.2953228+05:30","level":"INFO","msg":"filestream: sending request","total_files":1,"events_offset":38,"events_lines":2}
{"time":"2026-06-30T09:31:51.9404621+05:30","level":"INFO","msg":"filestream: request sent","status":"200 OK"}
{"time":"2026-06-30T09:32:06.2940971+05:30","level":"INFO","msg":"filestream: sending request","total_files":1,"events_offset":40,"events_lines":2}
{"time":"2026-06-30T09:32:07.0173865+05:30","level":"INFO","msg":"filestream: request sent","status":"200 OK"}
{"time":"2026-06-30T09:32:21.2937936+05:30","level":"INFO","msg":"filestream: sending request","total_files":1,"events_offset":42,"events_lines":2}
{"time":"2026-06-30T09:32:21.7381739+05:30","level":"INFO","msg":"filestream: request sent","status":"200 OK"}
{"time":"2026-06-30T09:32:36.2938042+05:30","level":"INFO","msg":"filestream: sending request","total_files":1,"events_offset":44,"events_lines":2}
{"time":"2026-06-30T09:32:37.1297879+05:30","level":"INFO","msg":"filestream: request sent","status":"200 OK"}
{"time":"2026-06-30T09:32:51.2937188+05:30","level":"INFO","msg":"filestream: sending request","total_files":1,"events_offset":46,"events_lines":2}
{"time":"2026-06-30T09:32:51.9640296+05:30","level":"INFO","msg":"filestream: request sent","status":"200 OK"}
{"time":"2026-06-30T09:33:06.2944904+05:30","level":"INFO","msg":"filestream: sending request","total_files":1,"events_offset":48,"events_lines":2}
{"time":"2026-06-30T09:33:06.7649661+05:30","level":"INFO","msg":"filestream: request sent","status":"200 OK"}
{"time":"2026-06-30T09:33:21.2961041+05:30","level":"INFO","msg":"filestream: sending request","total_files":1,"events_offset":50,"events_lines":2}
{"time":"2026-06-30T09:33:21.7508725+05:30","level":"INFO","msg":"filestream: request sent","status":"200 OK"}
{"time":"2026-06-30T09:33:36.2946921+05:30","level":"INFO","msg":"filestream: sending request","total_files":1,"events_offset":52,"events_lines":2}
{"time":"2026-06-30T09:33:36.7293758+05:30","level":"INFO","msg":"filestream: request sent","status":"200 OK"}
{"time":"2026-06-30T09:33:51.2997246+05:30","level":"INFO","msg":"filestream: sending request","total_files":4,"history_offset":2,"history_lines":1,"events_offset":54,"events_lines":2,"console_offset":2,"console_lines":1}
{"time":"2026-06-30T09:33:52.7945942+05:30","level":"INFO","msg":"filestream: request sent","status":"200 OK"}
{"time":"2026-06-30T09:34:06.2938541+05:30","level":"INFO","msg":"filestream: sending request","total_files":1,"events_offset":56,"events_lines":2}
{"time":"2026-06-30T09:34:06.8123329+05:30","level":"INFO","msg":"filestream: request sent","status":"200 OK"}
{"time":"2026-06-30T09:34:21.2949857+05:30","level":"INFO","msg":"filestream: sending request","total_files":1,"events_offset":58,"events_lines":2}
{"time":"2026-06-30T09:34:21.9620723+05:30","level":"INFO","msg":"filestream: request sent","status":"200 OK"}
{"time":"2026-06-30T09:34:36.2964791+05:30","level":"INFO","msg":"filestream: sending request","total_files":1,"events_offset":60,"events_lines":2}
{"time":"2026-06-30T09:34:37.0122658+05:30","level":"INFO","msg":"filestream: request sent","status":"200 OK"}
{"time":"2026-06-30T09:34:51.2941384+05:30","level":"INFO","msg":"filestream: sending request","total_files":1,"events_offset":62,"events_lines":2}
{"time":"2026-06-30T09:34:51.9745691+05:30","level":"INFO","msg":"filestream: request sent","status":"200 OK"}
{"time":"2026-06-30T09:35:06.2941309+05:30","level":"INFO","msg":"filestream: sending request","total_files":1,"events_offset":64,"events_lines":2}
{"time":"2026-06-30T09:35:06.8415468+05:30","level":"INFO","msg":"filestream: request sent","status":"200 OK"}
{"time":"2026-06-30T09:35:21.2937584+05:30","level":"INFO","msg":"filestream: sending request","total_files":1,"events_offset":66,"events_lines":2}
{"time":"2026-06-30T09:35:21.8564242+05:30","level":"INFO","msg":"filestream: request sent","status":"200 OK"}
{"time":"2026-06-30T09:35:36.29373+05:30","level":"INFO","msg":"filestream: sending request","total_files":1,"events_offset":68,"events_lines":2}
{"time":"2026-06-30T09:35:36.7394105+05:30","level":"INFO","msg":"filestream: request sent","status":"200 OK"}
{"time":"2026-06-30T09:35:51.2941179+05:30","level":"INFO","msg":"filestream: sending request","total_files":1,"events_offset":70,"events_lines":2}
{"time":"2026-06-30T09:35:51.7108783+05:30","level":"INFO","msg":"filestream: request sent","status":"200 OK"}
{"time":"2026-06-30T09:36:06.2961082+05:30","level":"INFO","msg":"filestream: sending request","total_files":4,"history_offset":3,"history_lines":1,"events_offset":72,"events_lines":2,"console_offset":3,"console_lines":1}
{"time":"2026-06-30T09:36:06.8637844+05:30","level":"INFO","msg":"filestream: request sent","status":"200 OK"}
{"time":"2026-06-30T09:36:21.2938496+05:30","level":"INFO","msg":"filestream: sending request","total_files":1,"events_offset":74,"events_lines":2}
{"time":"2026-06-30T09:36:21.7574914+05:30","level":"INFO","msg":"filestream: request sent","status":"200 OK"}
{"time":"2026-06-30T09:36:36.2942197+05:30","level":"INFO","msg":"filestream: sending request","total_files":1,"events_offset":76,"events_lines":2}
{"time":"2026-06-30T09:36:36.8569909+05:30","level":"INFO","msg":"filestream: request sent","status":"200 OK"}
{"time":"2026-06-30T09:36:51.2940769+05:30","level":"INFO","msg":"filestream: sending request","total_files":1,"events_offset":78,"events_lines":2}
{"time":"2026-06-30T09:36:51.9368586+05:30","level":"INFO","msg":"filestream: request sent","status":"200 OK"}
{"time":"2026-06-30T09:37:06.2937425+05:30","level":"INFO","msg":"filestream: sending request","total_files":1,"events_offset":80,"events_lines":2}
{"time":"2026-06-30T09:37:07.5649914+05:30","level":"INFO","msg":"filestream: request sent","status":"200 OK"}
{"time":"2026-06-30T09:37:21.2939915+05:30","level":"INFO","msg":"filestream: sending request","total_files":1,"events_offset":82,"events_lines":2}
{"time":"2026-06-30T09:37:21.8090739+05:30","level":"INFO","msg":"filestream: request sent","status":"200 OK"}
{"time":"2026-06-30T09:37:36.2937397+05:30","level":"INFO","msg":"filestream: sending request","total_files":1,"events_offset":84,"events_lines":2}
{"time":"2026-06-30T09:37:36.8649167+05:30","level":"INFO","msg":"filestream: request sent","status":"200 OK"}
{"time":"2026-06-30T09:37:51.2941018+05:30","level":"INFO","msg":"filestream: sending request","total_files":1,"events_offset":86,"events_lines":2}
{"time":"2026-06-30T09:37:51.7945358+05:30","level":"INFO","msg":"filestream: request sent","status":"200 OK"}
{"time":"2026-06-30T09:38:06.2937771+05:30","level":"INFO","msg":"filestream: sending request","total_files":1,"events_offset":88,"events_lines":2}
{"time":"2026-06-30T09:38:07.0416451+05:30","level":"INFO","msg":"filestream: request sent","status":"200 OK"}
{"time":"2026-06-30T09:38:21.3120395+05:30","level":"INFO","msg":"filestream: sending request","total_files":1,"events_offset":90,"events_lines":2}
{"time":"2026-06-30T09:38:21.8864223+05:30","level":"INFO","msg":"filestream: request sent","status":"200 OK"}
{"time":"2026-06-30T09:38:36.2940609+05:30","level":"INFO","msg":"filestream: sending request","total_files":4,"history_offset":4,"history_lines":1,"events_offset":92,"events_lines":2,"console_offset":4,"console_lines":1}
{"time":"2026-06-30T09:38:37.1467365+05:30","level":"INFO","msg":"filestream: request sent","status":"200 OK"}
{"time":"2026-06-30T09:38:51.2941045+05:30","level":"INFO","msg":"filestream: sending request","total_files":1,"events_offset":94,"events_lines":2}
{"time":"2026-06-30T09:38:51.7741913+05:30","level":"INFO","msg":"filestream: request sent","status":"200 OK"}
{"time":"2026-06-30T09:39:06.2939304+05:30","level":"INFO","msg":"filestream: sending request","total_files":1,"events_offset":96,"events_lines":2}
{"time":"2026-06-30T09:39:06.7488289+05:30","level":"INFO","msg":"filestream: request sent","status":"200 OK"}
{"time":"2026-06-30T09:39:21.2940264+05:30","level":"INFO","msg":"filestream: sending request","total_files":1,"events_offset":98,"events_lines":2}
{"time":"2026-06-30T09:39:21.7955185+05:30","level":"INFO","msg":"filestream: request sent","status":"200 OK"}
{"time":"2026-06-30T09:39:36.2941952+05:30","level":"INFO","msg":"filestream: sending request","total_files":1,"events_offset":100,"events_lines":2}
{"time":"2026-06-30T09:39:36.8403683+05:30","level":"INFO","msg":"filestream: request sent","status":"200 OK"}
{"time":"2026-06-30T09:39:51.2941444+05:30","level":"INFO","msg":"filestream: sending request","total_files":1,"events_offset":102,"events_lines":2}
{"time":"2026-06-30T09:39:51.7338881+05:30","level":"INFO","msg":"filestream: request sent","status":"200 OK"}
{"time":"2026-06-30T09:40:06.2938154+05:30","level":"INFO","msg":"filestream: sending request","total_files":1,"events_offset":104,"events_lines":2}
{"time":"2026-06-30T09:40:07.0384066+05:30","level":"INFO","msg":"filestream: request sent","status":"200 OK"}
{"time":"2026-06-30T09:40:21.294+05:30","level":"INFO","msg":"filestream: sending request","total_files":1,"events_offset":106,"events_lines":2}
{"time":"2026-06-30T09:40:21.891379+05:30","level":"INFO","msg":"filestream: request sent","status":"200 OK"}
{"time":"2026-06-30T09:40:36.2936991+05:30","level":"INFO","msg":"filestream: sending request","total_files":1,"events_offset":108,"events_lines":2}
{"time":"2026-06-30T09:40:36.9479634+05:30","level":"INFO","msg":"filestream: request sent","status":"200 OK"}
{"time":"2026-06-30T09:40:51.2941023+05:30","level":"INFO","msg":"filestream: sending request","total_files":1,"events_offset":110,"events_lines":2}
{"time":"2026-06-30T09:40:52.1041152+05:30","level":"INFO","msg":"filestream: request sent","status":"200 OK"}
{"time":"2026-06-30T09:41:06.2988892+05:30","level":"INFO","msg":"filestream: sending request","total_files":4,"history_offset":5,"history_lines":1,"events_offset":112,"events_lines":2,"console_offset":5,"console_lines":1}
{"time":"2026-06-30T09:41:07.1683084+05:30","level":"INFO","msg":"filestream: request sent","status":"200 OK"}
{"time":"2026-06-30T09:41:21.2940033+05:30","level":"INFO","msg":"filestream: sending request","total_files":1,"events_offset":114,"events_lines":2}
{"time":"2026-06-30T09:41:21.9046531+05:30","level":"INFO","msg":"filestream: request sent","status":"200 OK"}
{"time":"2026-06-30T09:41:36.2941886+05:30","level":"INFO","msg":"filestream: sending request","total_files":1,"events_offset":116,"events_lines":2}
{"time":"2026-06-30T09:41:37.0469204+05:30","level":"INFO","msg":"filestream: request sent","status":"200 OK"}
{"time":"2026-06-30T09:41:51.2937589+05:30","level":"INFO","msg":"filestream: sending request","total_files":1,"events_offset":118,"events_lines":2}
{"time":"2026-06-30T09:41:52.00744+05:30","level":"INFO","msg":"filestream: request sent","status":"200 OK"}
{"time":"2026-06-30T09:42:06.293937+05:30","level":"INFO","msg":"filestream: sending request","total_files":1,"events_offset":120,"events_lines":2}
{"time":"2026-06-30T09:42:06.8503091+05:30","level":"INFO","msg":"filestream: request sent","status":"200 OK"}
{"time":"2026-06-30T09:42:21.2941006+05:30","level":"INFO","msg":"filestream: sending request","total_files":1,"events_offset":122,"events_lines":2}
{"time":"2026-06-30T09:42:21.7792753+05:30","level":"INFO","msg":"filestream: request sent","status":"200 OK"}
{"time":"2026-06-30T09:42:36.2940454+05:30","level":"INFO","msg":"filestream: sending request","total_files":1,"events_offset":124,"events_lines":2}
{"time":"2026-06-30T09:42:36.7920313+05:30","level":"INFO","msg":"filestream: request sent","status":"200 OK"}
{"time":"2026-06-30T09:42:51.294012+05:30","level":"INFO","msg":"filestream: sending request","total_files":1,"events_offset":126,"events_lines":2}
{"time":"2026-06-30T09:42:52.314884+05:30","level":"INFO","msg":"filestream: request sent","status":"200 OK"}
{"time":"2026-06-30T09:43:06.2939235+05:30","level":"INFO","msg":"filestream: sending request","total_files":1,"events_offset":128,"events_lines":2}
{"time":"2026-06-30T09:43:06.8603891+05:30","level":"INFO","msg":"filestream: request sent","status":"200 OK"}
{"time":"2026-06-30T09:43:21.2938663+05:30","level":"INFO","msg":"filestream: sending request","total_files":1,"events_offset":130,"events_lines":2}
{"time":"2026-06-30T09:43:21.9364834+05:30","level":"INFO","msg":"filestream: request sent","status":"200 OK"}
{"time":"2026-06-30T09:43:36.2971239+05:30","level":"INFO","msg":"filestream: sending request","total_files":4,"history_offset":6,"history_lines":1,"events_offset":132,"events_lines":2,"console_offset":6,"console_lines":1}
{"time":"2026-06-30T09:43:36.9992287+05:30","level":"INFO","msg":"filestream: request sent","status":"200 OK"}
{"time":"2026-06-30T09:43:51.2943899+05:30","level":"INFO","msg":"filestream: sending request","total_files":1,"events_offset":134,"events_lines":2}
{"time":"2026-06-30T09:43:51.7245254+05:30","level":"INFO","msg":"filestream: request sent","status":"200 OK"}
{"time":"2026-06-30T09:44:06.2944586+05:30","level":"INFO","msg":"filestream: sending request","total_files":1,"events_offset":136,"events_lines":2}
{"time":"2026-06-30T09:44:06.8706024+05:30","level":"INFO","msg":"filestream: request sent","status":"200 OK"}
{"time":"2026-06-30T09:44:21.2941038+05:30","level":"INFO","msg":"filestream: sending request","total_files":1,"events_offset":138,"events_lines":2}
{"time":"2026-06-30T09:44:21.91745+05:30","level":"INFO","msg":"filestream: request sent","status":"200 OK"}
{"time":"2026-06-30T09:44:36.2943983+05:30","level":"INFO","msg":"filestream: sending request","total_files":1,"events_offset":140,"events_lines":2}
{"time":"2026-06-30T09:44:36.9039328+05:30","level":"INFO","msg":"filestream: request sent","status":"200 OK"}
{"time":"2026-06-30T09:44:51.2938945+05:30","level":"INFO","msg":"filestream: sending request","total_files":1,"events_offset":142,"events_lines":2}
{"time":"2026-06-30T09:44:52.0309017+05:30","level":"INFO","msg":"filestream: request sent","status":"200 OK"}
{"time":"2026-06-30T09:45:06.2943057+05:30","level":"INFO","msg":"filestream: sending request","total_files":1,"events_offset":144,"events_lines":2}
{"time":"2026-06-30T09:45:07.087567+05:30","level":"INFO","msg":"filestream: request sent","status":"200 OK"}
{"time":"2026-06-30T09:45:21.2940954+05:30","level":"INFO","msg":"filestream: sending request","total_files":1,"events_offset":146,"events_lines":2}
{"time":"2026-06-30T09:45:22.4436587+05:30","level":"INFO","msg":"filestream: request sent","status":"200 OK"}
{"time":"2026-06-30T09:45:36.2939753+05:30","level":"INFO","msg":"filestream: sending request","total_files":1,"events_offset":148,"events_lines":2}
{"time":"2026-06-30T09:45:36.7530244+05:30","level":"INFO","msg":"filestream: request sent","status":"200 OK"}
{"time":"2026-06-30T09:45:51.2938833+05:30","level":"INFO","msg":"filestream: sending request","total_files":1,"events_offset":150,"events_lines":2}
{"time":"2026-06-30T09:45:51.7024252+05:30","level":"INFO","msg":"filestream: request sent","status":"200 OK"}
{"time":"2026-06-30T09:46:06.298058+05:30","level":"INFO","msg":"filestream: sending request","total_files":4,"history_offset":7,"history_lines":1,"events_offset":152,"events_lines":2,"console_offset":7,"console_lines":1}
{"time":"2026-06-30T09:46:06.9190965+05:30","level":"INFO","msg":"filestream: request sent","status":"200 OK"}
{"time":"2026-06-30T09:46:21.294255+05:30","level":"INFO","msg":"filestream: sending request","total_files":1,"events_offset":154,"events_lines":2}
{"time":"2026-06-30T09:46:21.8419673+05:30","level":"INFO","msg":"filestream: request sent","status":"200 OK"}
{"time":"2026-06-30T09:46:36.2940525+05:30","level":"INFO","msg":"filestream: sending request","total_files":1,"events_offset":156,"events_lines":2}
{"time":"2026-06-30T09:46:36.8898469+05:30","level":"INFO","msg":"filestream: request sent","status":"200 OK"}
{"time":"2026-06-30T09:46:51.2939513+05:30","level":"INFO","msg":"filestream: sending request","total_files":1,"events_offset":158,"events_lines":2}
{"time":"2026-06-30T09:46:51.9351662+05:30","level":"INFO","msg":"filestream: request sent","status":"200 OK"}
{"time":"2026-06-30T09:47:06.2944849+05:30","level":"INFO","msg":"filestream: sending request","total_files":1,"events_offset":160,"events_lines":2}
{"time":"2026-06-30T09:47:07.0224464+05:30","level":"INFO","msg":"filestream: request sent","status":"200 OK"}
{"time":"2026-06-30T09:47:21.2939502+05:30","level":"INFO","msg":"filestream: sending request","total_files":1,"events_offset":162,"events_lines":2}
{"time":"2026-06-30T09:47:22.3417636+05:30","level":"INFO","msg":"filestream: request sent","status":"200 OK"}
{"time":"2026-06-30T09:47:36.2939529+05:30","level":"INFO","msg":"filestream: sending request","total_files":1,"events_offset":164,"events_lines":2}
{"time":"2026-06-30T09:47:37.0909761+05:30","level":"INFO","msg":"filestream: request sent","status":"200 OK"}
{"time":"2026-06-30T09:47:51.2940692+05:30","level":"INFO","msg":"filestream: sending request","total_files":1,"events_offset":166,"events_lines":2}
{"time":"2026-06-30T09:47:51.7570125+05:30","level":"INFO","msg":"filestream: request sent","status":"200 OK"}
{"time":"2026-06-30T09:48:06.2939778+05:30","level":"INFO","msg":"filestream: sending request","total_files":1,"events_offset":168,"events_lines":2}
{"time":"2026-06-30T09:48:06.7090746+05:30","level":"INFO","msg":"filestream: request sent","status":"200 OK"}
{"time":"2026-06-30T09:48:21.2950757+05:30","level":"INFO","msg":"filestream: sending request","total_files":1,"events_offset":170,"events_lines":2}
{"time":"2026-06-30T09:48:21.8490745+05:30","level":"INFO","msg":"filestream: request sent","status":"200 OK"}
{"time":"2026-06-30T09:48:36.2937318+05:30","level":"INFO","msg":"filestream: sending request","total_files":1,"events_offset":172,"events_lines":2}
{"time":"2026-06-30T09:48:37.0657108+05:30","level":"INFO","msg":"filestream: request sent","status":"200 OK"}
{"time":"2026-06-30T09:48:51.3006108+05:30","level":"INFO","msg":"filestream: sending request","total_files":4,"history_offset":8,"history_lines":1,"events_offset":174,"events_lines":2,"console_offset":8,"console_lines":1}
{"time":"2026-06-30T09:48:52.3727116+05:30","level":"INFO","msg":"filestream: request sent","status":"200 OK"}
{"time":"2026-06-30T09:49:06.2938629+05:30","level":"INFO","msg":"filestream: sending request","total_files":1,"events_offset":176,"events_lines":2}
{"time":"2026-06-30T09:49:06.7227991+05:30","level":"INFO","msg":"filestream: request sent","status":"200 OK"}
