2026-06-30 09:26:41,748 INFO    MainThread:17784 [wandb_setup.py:_flush():81] Current SDK version is 0.28.0
2026-06-30 09:26:41,748 INFO    MainThread:17784 [wandb_setup.py:_flush():81] Configure stats pid to 17784
2026-06-30 09:26:41,748 INFO    MainThread:17784 [wandb_setup.py:_flush():81] Loading settings from environment variables
2026-06-30 09:26:41,748 INFO    MainThread:17784 [wandb_init.py:setup_run_log_directory():725] Logging user logs to C:\Users\Hp\Desktop\MoRE\code\wandb\run-20260630_092641-iaiunyek\logs\debug.log
2026-06-30 09:26:41,748 INFO    MainThread:17784 [wandb_init.py:setup_run_log_directory():726] Logging internal logs to C:\Users\Hp\Desktop\MoRE\code\wandb\run-20260630_092641-iaiunyek\logs\debug-internal.log
2026-06-30 09:26:41,748 INFO    MainThread:17784 [wandb_init.py:init():768] calling init triggers
2026-06-30 09:26:41,748 INFO    MainThread:17784 [wandb_init.py:init():773] wandb.init called with sweep_config: {}
config: {'d_model': 256, 'num_experts': 7, 'max_depth': 7, 'num_blocks': 2, 'dropout': 0.1, 'lr': 0.001, 'weight_decay': 0.0001, 'batch_size': 128, 'seq_len': 64, 'epochs': 5, 'val_split': 0.1, 'grad_clip': 1.0, 'subset_fraction': 0.1, 'subset_seed': 42, 'task': 1.0, 'routing_balance': 0.05, 'halting': 0.001, 'train_path': '../data/train.jsonl', 'val_path': '../data/val.jsonl', 'test_path': '../data/test.jsonl', 'max_val': 1000000, 'pad_value': 0.0, 'jsonl_path': '../data/train.jsonl', '_wandb': {}}
2026-06-30 09:26:41,748 INFO    MainThread:17784 [wandb_init.py:init():816] starting backend
2026-06-30 09:26:41,748 INFO    MainThread:17784 [wandb_init.py:init():831] sending inform_init request
2026-06-30 09:26:43,267 INFO    MainThread:17784 [wandb_init.py:init():836] backend started and connected
2026-06-30 09:26:43,323 INFO    MainThread:17784 [wandb_init.py:init():906] updated telemetry
2026-06-30 09:26:43,850 INFO    MainThread:17784 [wandb_init.py:init():929] communicating run to backend with 90.0 second timeout
2026-06-30 09:26:44,991 INFO    MainThread:17784 [wandb_init.py:init():974] starting run threads in backend
2026-06-30 09:26:45,113 INFO    MainThread:17784 [wandb_run.py:_console_start():2523] atexit reg
2026-06-30 09:26:45,113 INFO    MainThread:17784 [wandb_run.py:_redirect():2373] redirect: wrap_raw
2026-06-30 09:26:45,115 INFO    MainThread:17784 [wandb_run.py:_redirect():2442] Wrapping output streams.
2026-06-30 09:26:45,115 INFO    MainThread:17784 [wandb_run.py:_redirect():2465] Redirects installed.
2026-06-30 09:26:45,123 INFO    MainThread:17784 [wandb_init.py:init():1012] run started, returning control to user process
2026-06-30 09:26:45,123 INFO    MainThread:17784 [wandb_watch.py:_watch():69] Watching
