{"time":"2026-08-23T18:20:55.0860026+05:30","level":"INFO","msg":"wandb-core"}
{"time":"2026-08-23T18:20:55.0870714+05:30","level":"INFO","msg":"stream: starting","core version":"0.28.0"}
{"time":"2026-08-23T18:20:55.8469323+05:30","level":"INFO","msg":"stream: created new stream","id":"n75nuqvx"}
{"time":"2026-08-23T18:20:55.8474516+05:30","level":"INFO","msg":"handler: started"}
{"time":"2026-08-23T18:20:55.8495978+05:30","level":"INFO","msg":"stream: started"}
{"time":"2026-08-23T18:20:55.8495978+05:30","level":"INFO","msg":"sender: started"}
{"time":"2026-08-23T18:20:55.8495978+05:30","level":"INFO","msg":"writer: started","stream_id":"n75nuqvx"}
{"time":"2026-08-23T18:20:57.6624716+05:30","level":"INFO","msg":"filestream: sending request","total_files":1,"console_offset":0,"console_lines":1}
{"time":"2026-08-23T18:20:58.1596005+05:30","level":"INFO","msg":"filestream: request sent","status":"200 OK"}
{"time":"2026-08-23T18:21:12.6629238+05:30","level":"INFO","msg":"filestream: sending request","total_files":2,"events_offset":0,"events_lines":2,"console_offset":0,"console_lines":1,"uploaded_len":2}
{"time":"2026-08-23T18:21:13.2539056+05:30","level":"INFO","msg":"filestream: request sent","status":"200 OK"}
{"time":"2026-08-23T18:21:27.6759218+05:30","level":"INFO","msg":"filestream: sending request","total_files":4,"history_offset":0,"history_lines":1,"events_offset":2,"events_lines":2,"console_offset":1,"console_lines":2,"uploaded_len":4}
{"time":"2026-08-23T18:21:28.3107689+05:30","level":"INFO","msg":"filestream: request sent","status":"200 OK"}
{"time":"2026-08-23T18:21:42.6808491+05:30","level":"INFO","msg":"filestream: sending request","total_files":4,"history_offset":1,"history_lines":1,"events_offset":4,"events_lines":2,"console_offset":3,"console_lines":2,"uploaded_len":4}
{"time":"2026-08-23T18:21:43.8045879+05:30","level":"INFO","msg":"filestream: request sent","status":"200 OK"}
{"time":"2026-08-23T18:21:57.6638984+05:30","level":"INFO","msg":"filestream: sending request","total_files":4,"history_offset":2,"history_lines":1,"events_offset":6,"events_lines":2,"console_offset":5,"console_lines":2,"uploaded_len":4}
{"time":"2026-08-23T18:21:58.3078839+05:30","level":"INFO","msg":"filestream: request sent","status":"200 OK"}
{"time":"2026-08-23T18:22:12.6654185+05:30","level":"INFO","msg":"filestream: sending request","total_files":4,"history_offset":3,"history_lines":1,"events_offset":8,"events_lines":2,"console_offset":7,"console_lines":2}
{"time":"2026-08-23T18:22:13.4675979+05:30","level":"INFO","msg":"filestream: request sent","status":"200 OK"}
{"time":"2026-08-23T18:22:27.6629619+05:30","level":"INFO","msg":"filestream: sending request","total_files":3,"history_offset":4,"history_lines":2,"console_offset":9,"console_lines":3,"uploaded_len":4}
{"time":"2026-08-23T18:22:28.2289043+05:30","level":"INFO","msg":"filestream: request sent","status":"200 OK"}
{"time":"2026-08-23T18:22:30.3606985+05:30","level":"INFO","msg":"fileTransfer: Close: file transfer manager closed"}
{"time":"2026-08-23T18:22:30.3606985+05:30","level":"INFO","msg":"filestream: sending request","total_files":0,"uploaded_len":7,"complete":true,"exit_code":0}
{"time":"2026-08-23T18:22:30.8725348+05:30","level":"INFO","msg":"filestream: request sent","status":"200 OK"}
{"time":"2026-08-23T18:22:30.8757537+05:30","level":"INFO","msg":"handler: operation stats","stats":{}}
{"time":"2026-08-23T18:22:30.8989696+05:30","level":"INFO","msg":"stream: finishing up"}
{"time":"2026-08-23T18:22:30.8989696+05:30","level":"INFO","msg":"handler: closed"}
{"time":"2026-08-23T18:22:30.8995072+05:30","level":"INFO","msg":"sender: closed"}
{"time":"2026-08-23T18:22:30.8995072+05:30","level":"INFO","msg":"stream: all finished"}
