2026-08-24 00:52:30,802 INFO    MainThread:22624 [wandb_setup.py:_flush():81] Current SDK version is 0.28.0
2026-08-24 00:52:30,802 INFO    MainThread:22624 [wandb_setup.py:_flush():81] Configure stats pid to 22624
2026-08-24 00:52:30,802 INFO    MainThread:22624 [wandb_setup.py:_flush():81] Loading settings from environment variables
2026-08-24 00:52:30,803 INFO    MainThread:22624 [wandb_init.py:setup_run_log_directory():725] Logging user logs to C:\Users\Hp\Desktop\Waste\MoRE\code\wandb\run-20260824_005230-br5qmeew\logs\debug.log
2026-08-24 00:52:30,803 INFO    MainThread:22624 [wandb_init.py:setup_run_log_directory():726] Logging internal logs to C:\Users\Hp\Desktop\Waste\MoRE\code\wandb\run-20260824_005230-br5qmeew\logs\debug-internal.log
2026-08-24 00:52:30,803 INFO    MainThread:22624 [wandb_init.py:init():768] calling init triggers
2026-08-24 00:52:30,803 INFO    MainThread:22624 [wandb_init.py:init():773] wandb.init called with sweep_config: {}
config: {'d_model': 256, 'num_experts': 7, 'max_depth': 7, 'max_steps': 7, 'step_feat_dim': 12, 'num_blocks': 1, 'dropout': 0.1, 'lr': 0.001, 'weight_decay': 0.0001, 'batch_size': 768, 'epochs': 50, 'val_split': 0.5, 'grad_clip': 1.0, 'subset_fraction': 1.0, 'subset_seed': 42, 'task': 1.0, 'routing_balance': 0.05, 'step_routing': 0.0, 'halting': 0.001, 'train_path': 'C:\\Users\\Hp\\Desktop\\Waste\\MoRE\\data\\train.jsonl', 'val_path': 'C:\\Users\\Hp\\Desktop\\Waste\\MoRE\\data\\val.jsonl', 'test_path': 'C:\\Users\\Hp\\Desktop\\Waste\\MoRE\\data\\test.jsonl', 'max_val': 1000000.0, 'pad_value': 0.0, 'jsonl_path': 'C:\\Users\\Hp\\Desktop\\Waste\\MoRE\\data\\train.jsonl', '_wandb': {}}
2026-08-24 00:52:30,804 INFO    MainThread:22624 [wandb_init.py:init():816] starting backend
2026-08-24 00:52:30,804 INFO    MainThread:22624 [wandb_init.py:init():831] sending inform_init request
2026-08-24 00:52:32,650 INFO    MainThread:22624 [wandb_init.py:init():836] backend started and connected
2026-08-24 00:52:32,726 INFO    MainThread:22624 [wandb_init.py:init():906] updated telemetry
2026-08-24 00:52:32,811 INFO    MainThread:22624 [wandb_init.py:init():929] communicating run to backend with 90.0 second timeout
2026-08-24 00:52:33,421 INFO    MainThread:22624 [wandb_init.py:init():974] starting run threads in backend
2026-08-24 00:52:33,690 INFO    MainThread:22624 [wandb_run.py:_console_start():2523] atexit reg
2026-08-24 00:52:33,691 INFO    MainThread:22624 [wandb_run.py:_redirect():2373] redirect: wrap_raw
2026-08-24 00:52:33,691 INFO    MainThread:22624 [wandb_run.py:_redirect():2442] Wrapping output streams.
2026-08-24 00:52:33,691 INFO    MainThread:22624 [wandb_run.py:_redirect():2465] Redirects installed.
2026-08-24 00:52:33,699 INFO    MainThread:22624 [wandb_init.py:init():1012] run started, returning control to user process
2026-08-24 00:52:33,700 INFO    MainThread:22624 [wandb_watch.py:_watch():69] Watching
2026-08-24 01:10:02,840 INFO    MainThread:22624 [wandb_run.py:_finish():2285] finishing run rshisode607-government-college-of-engineering-aurangabad/micro-MoRE-poc/br5qmeew
2026-08-24 01:10:02,846 INFO    MainThread:22624 [wandb_run.py:_atexit_cleanup():2490] got exitcode: 0
2026-08-24 01:10:02,848 INFO    MainThread:22624 [wandb_run.py:_restore():2472] restore
2026-08-24 01:10:02,849 INFO    MainThread:22624 [wandb_run.py:_restore():2478] restore done
2026-08-24 01:10:08,753 INFO    MainThread:22624 [wandb_run.py:_footer_sync_info():3895] logging synced files
