2026-06-29 12:57:53,835 INFO    MainThread:13260 [wandb_setup.py:_flush():81] Current SDK version is 0.28.0
2026-06-29 12:57:53,835 INFO    MainThread:13260 [wandb_setup.py:_flush():81] Configure stats pid to 13260
2026-06-29 12:57:53,835 INFO    MainThread:13260 [wandb_setup.py:_flush():81] Loading settings from environment variables
2026-06-29 12:57:53,835 INFO    MainThread:13260 [wandb_init.py:setup_run_log_directory():725] Logging user logs to C:\Users\Hp\Desktop\MoRE\code\wandb\run-20260629_125753-vk9j2rs4\logs\debug.log
2026-06-29 12:57:53,835 INFO    MainThread:13260 [wandb_init.py:setup_run_log_directory():726] Logging internal logs to C:\Users\Hp\Desktop\MoRE\code\wandb\run-20260629_125753-vk9j2rs4\logs\debug-internal.log
2026-06-29 12:57:53,835 INFO    MainThread:13260 [wandb_init.py:init():768] calling init triggers
2026-06-29 12:57:53,835 INFO    MainThread:13260 [wandb_init.py:init():773] wandb.init called with sweep_config: {}
config: {'d_model': 256, 'num_experts': 7, 'max_depth': 7, 'num_blocks': 2, 'dropout': 0.1, 'lr': 0.001, 'weight_decay': 0.0001, 'batch_size': 128, 'seq_len': 64, 'epochs': 5, 'val_split': 0.1, 'grad_clip': 1.0, 'subset_fraction': 0.1, 'subset_seed': 42, 'task': 1.0, 'routing_balance': 0.1, 'halting': 0.001, 'train_path': '../data/train.jsonl', 'val_path': '../data/val.jsonl', 'test_path': '../data/test.jsonl', 'max_val': 1000000, 'pad_value': 0.0, 'jsonl_path': '../data/train.jsonl', '_wandb': {}}
2026-06-29 12:57:53,835 INFO    MainThread:13260 [wandb_init.py:init():816] starting backend
2026-06-29 12:57:53,835 INFO    MainThread:13260 [wandb_init.py:init():831] sending inform_init request
2026-06-29 12:57:54,643 INFO    MainThread:13260 [wandb_init.py:init():836] backend started and connected
2026-06-29 12:57:54,680 INFO    MainThread:13260 [wandb_init.py:init():906] updated telemetry
2026-06-29 12:57:54,765 INFO    MainThread:13260 [wandb_init.py:init():929] communicating run to backend with 90.0 second timeout
2026-06-29 12:57:55,550 INFO    MainThread:13260 [wandb_init.py:init():974] starting run threads in backend
2026-06-29 12:57:55,629 INFO    MainThread:13260 [wandb_run.py:_console_start():2523] atexit reg
2026-06-29 12:57:55,629 INFO    MainThread:13260 [wandb_run.py:_redirect():2373] redirect: wrap_raw
2026-06-29 12:57:55,629 INFO    MainThread:13260 [wandb_run.py:_redirect():2442] Wrapping output streams.
2026-06-29 12:57:55,630 INFO    MainThread:13260 [wandb_run.py:_redirect():2465] Redirects installed.
2026-06-29 12:57:55,635 INFO    MainThread:13260 [wandb_init.py:init():1012] run started, returning control to user process
2026-06-29 12:57:55,636 INFO    MainThread:13260 [wandb_watch.py:_watch():69] Watching
2026-06-29 13:00:58,085 INFO    wandb-AsyncioManager-main:13260 [service_client.py:_forward_responses():122] [no run ID] Reached EOF.
2026-06-29 13:00:58,085 INFO    wandb-AsyncioManager-main:13260 [mailbox.py:close():154] [no run ID] Closing mailbox, abandoning 2 handles.
2026-06-29 13:00:58,086 ERROR   wandb-AsyncioManager-main:13260 [asyncio_manager.py:fn_wrap_exceptions():184] Uncaught exception in run_soon callback.
Traceback (most recent call last):
  File "C:\Users\Hp\anaconda3\envs\more_env\lib\site-packages\wandb\sdk\lib\asyncio_manager.py", line 182, in fn_wrap_exceptions
    await fn()
  File "C:\Users\Hp\anaconda3\envs\more_env\lib\site-packages\wandb\sdk\lib\run_messages.py", line 90, in loop
    await asyncio_compat.race(
  File "C:\Users\Hp\anaconda3\envs\more_env\lib\site-packages\wandb\sdk\lib\asyncio_compat.py", line 278, in race
    async with open_task_group(race=True) as tg:
  File "C:\Users\Hp\anaconda3\envs\more_env\lib\contextlib.py", line 206, in __aexit__
    await anext(self.gen)
  File "C:\Users\Hp\anaconda3\envs\more_env\lib\site-packages\wandb\sdk\lib\asyncio_compat.py", line 240, in open_task_group
    await task_group._wait_all(race=race, timeout=exit_timeout)
  File "C:\Users\Hp\anaconda3\envs\more_env\lib\site-packages\wandb\sdk\lib\asyncio_compat.py", line 180, in _wait_all
    raise exc
  File "C:\Users\Hp\anaconda3\envs\more_env\lib\site-packages\wandb\sdk\lib\run_messages.py", line 113, in _print_all
    result = await handle.wait_async(timeout=None)
  File "C:\Users\Hp\anaconda3\envs\more_env\lib\site-packages\wandb\sdk\mailbox\mailbox_handle.py", line 127, in wait_async
    response = await self._handle.wait_async(timeout=timeout)
  File "C:\Users\Hp\anaconda3\envs\more_env\lib\site-packages\wandb\sdk\mailbox\response_handle.py", line 123, in wait_async
    raise HandleAbandonedError()
wandb.sdk.mailbox.mailbox_handle.HandleAbandonedError
