[Run] architecture   = more
[Run] experiment_id   = t10smoke_router_noise_seed42__55ebfccc
[Run] experiment_group= exploratory
[Run] output directory= C:\Users\Hp\Desktop\Waste\MoRE\runs\t10smoke_router_noise_seed42__55ebfccc
[Seed] seed=42  determinism=warn_only  streams=random+numpy+torch_cpu+torch_cuda+dataloader_generator+dataloader_worker
[Seed] cudnn.deterministic=True  cudnn.benchmark=False  deterministic_algorithms=True  CUBLAS_WORKSPACE_CONFIG=:4096:8
[Train] Device: cuda
[Train] Effective settings: epochs=1, lr=0.001, routing_balance=0.001, step_routing=0.0, subset_fraction=1.0, subset_seed=42
[Dataset] Loaded 59500 records from 'C:\Users\Hp\Desktop\Waste\MoRE\data\train.jsonl'.
[Dataset] Using validation set: C:\Users\Hp\Desktop\Waste\MoRE\data\val.jsonl
[Dataset] Loaded 5250 records from 'C:\Users\Hp\Desktop\Waste\MoRE\data\val.jsonl'.
[Model] Total parameters: 3,201,555
[Train] halting: ponder_weight=0.001, supervision=OFF (pure ACT)
wandb: [wandb.login()] Loaded credentials for https://api.wandb.ai from C:\Users\Hp\_netrc.
wandb: Currently logged in as: rshisode607 (rshisode607-government-college-of-engineering-aurangabad) to https://api.wandb.ai. Use `wandb login --relogin` to force relogin
wandb: WARNING Using a boolean value for 'reinit' is deprecated. Use 'return_previous' or 'finish_previous' instead.
wandb: setting up run sd5zumd2
wandb: Tracking run with wandb version 0.28.0
wandb: Run data is saved locally in C:\Users\Hp\Desktop\Waste\MoRE\code\wandb\run-20260829_021227-sd5zumd2
wandb: Run `wandb offline` to turn off syncing.
wandb: Syncing run t10smoke_router_noise_seed42
wandb:  View project at https://wandb.ai/rshisode607-government-college-of-engineering-aurangabad/micro-MoRE-poc
wandb:  View run at https://wandb.ai/rshisode607-government-college-of-engineering-aurangabad/micro-MoRE-poc/runs/sd5zumd2
[Epoch 001 Batch 0] Router grad norm: 0.136778 | router_noise=fixed_annealed scales: ['0.0996']
C:\Users\Hp\anaconda3\envs\more_env\lib\site-packages\wandb\integration\torch\wandb_torch.py:187: UserWarning: _histc_cuda does not have a deterministic implementation, but you set 'torch.use_deterministic_algorithms(True, warn_only=True)'. You can file an issue at https://github.com/pytorch/pytorch/issues to help us prioritize adding deterministic support for this operation. (Triggered internally at C:\cb\pytorch_1000000000000\work\aten\src\ATen\Context.cpp:95.)
  flat.histc(bins=self._num_bins)
[Epoch 001/1] task=0.0867  step_route=0.6047  bal=-0.6200  halt=0.4204  val=0.0732  route_acc=0.1868  route_hung=0.4969  route_ami=0.4462  entropy_norm=0.9388  cos_max=0.0045  tok/s=2074

[Train] Complete. Best val_loss = 0.073213
[Seed] ops without a deterministic implementation were used in this run: _histc_cuda. Losses may not reproduce bitwise; this is recorded in provenance rather than hidden.
[Run] metrics written to C:\Users\Hp\Desktop\Waste\MoRE\runs\t10smoke_router_noise_seed42__55ebfccc\metrics.json
wandb: updating run metadata; uploading artifact run-sd5zumd2-paperop_avg_recursion_depth_table-i90QxA
wandb: uploading artifact run-sd5zumd2-paperop_avg_recursion_depth_table-i90QxA
wandb: uploading artifact run-sd5zumd2-paperop_avg_recursion_depth_table-i90QxA; uploading config.yaml; uploading media\images\paper\routing_confusion_matrix_0_36c3cc1727702064f84e.png; uploading media\images\paper\routing_confusion_matrix_counts_0_ba35e0890be4346c6f92.png; uploading media\images\paper\op_avg_recursion_depth_0_9d4f12fb89b4a3e120f5.png (+ 3 more)
wandb: uploading artifact run-sd5zumd2-paperop_avg_recursion_depth_table-i90QxA; uploading media\images\paper\routing_confusion_matrix_0_36c3cc1727702064f84e.png; uploading media\images\paper\routing_confusion_matrix_counts_0_ba35e0890be4346c6f92.png; uploading media\images\paper\op_avg_recursion_depth_0_9d4f12fb89b4a3e120f5.png; uploading media\table\paper\op_avg_recursion_depth_table_0_75c5cf8507b752628370.table.json (+ 2 more)
wandb: uploading artifact run-sd5zumd2-paperop_avg_recursion_depth_table-i90QxA
wandb: uploading history steps 0-1, summary, console lines 3-7
wandb: 
wandb: Run summary:
wandb:   depth/allocation_error_abs 1.67489
wandb:   depth/allocation_error_rel 1.28722
wandb:        depth_dist/step_1_pct 0
wandb:        depth_dist/step_2_pct 33.22031
wandb:        depth_dist/step_3_pct 39.15393
wandb:        depth_dist/step_4_pct 18.22499
wandb:        depth_dist/step_5_pct 5.48808
wandb:        depth_dist/step_6_pct 1.6859
wandb:        depth_dist/step_7_pct 2.22678
wandb: diag/max_pairwise_cosine_sim 0.00445
wandb:                         +110 ...
wandb: 
wandb:  View run t10smoke_router_noise_seed42 at: https://wandb.ai/rshisode607-government-college-of-engineering-aurangabad/micro-MoRE-poc/runs/sd5zumd2
wandb:  View project at: https://wandb.ai/rshisode607-government-college-of-engineering-aurangabad/micro-MoRE-poc
wandb: Synced 5 W&B file(s), 4 media file(s), 2 artifact file(s) and 0 other file(s)
wandb: Find logs at: .\wandb\run-20260829_021227-sd5zumd2\logs
