{"time":"2026-08-25T14:13:13.4563048+05:30","level":"INFO","msg":"wandb-core"}
{"time":"2026-08-25T14:13:13.4578085+05:30","level":"INFO","msg":"stream: starting","core version":"0.28.0"}
{"time":"2026-08-25T14:13:14.0263703+05:30","level":"INFO","msg":"stream: created new stream","id":"sokvdit1"}
{"time":"2026-08-25T14:13:14.0263703+05:30","level":"INFO","msg":"handler: started"}
{"time":"2026-08-25T14:13:14.0287763+05:30","level":"INFO","msg":"stream: started"}
{"time":"2026-08-25T14:13:14.0287763+05:30","level":"INFO","msg":"sender: started"}
{"time":"2026-08-25T14:13:14.0287763+05:30","level":"INFO","msg":"writer: started","stream_id":"sokvdit1"}
{"time":"2026-08-25T14:13:15.9777744+05:30","level":"INFO","msg":"filestream: sending request","total_files":1,"console_offset":0,"console_lines":1}
{"time":"2026-08-25T14:13:16.7232691+05:30","level":"INFO","msg":"filestream: request sent","status":"200 OK"}
{"time":"2026-08-25T14:13:30.9762514+05:30","level":"INFO","msg":"filestream: sending request","total_files":2,"events_offset":0,"events_lines":2,"console_offset":0,"console_lines":1,"uploaded_len":2}
{"time":"2026-08-25T14:13:31.4782717+05:30","level":"INFO","msg":"filestream: request sent","status":"200 OK"}
{"time":"2026-08-25T14:13:45.9764206+05:30","level":"INFO","msg":"filestream: sending request","total_files":1,"events_offset":2,"events_lines":2}
{"time":"2026-08-25T14:13:46.5067977+05:30","level":"INFO","msg":"filestream: request sent","status":"200 OK"}
{"time":"2026-08-25T14:14:00.9765878+05:30","level":"INFO","msg":"filestream: sending request","total_files":1,"events_offset":4,"events_lines":2}
{"time":"2026-08-25T14:14:01.5677789+05:30","level":"INFO","msg":"filestream: request sent","status":"200 OK"}
{"time":"2026-08-25T14:14:10.1675683+05:30","level":"INFO","msg":"fileTransfer: Close: file transfer manager closed"}
{"time":"2026-08-25T14:14:10.1715002+05:30","level":"INFO","msg":"filestream: sending request","total_files":3,"history_offset":0,"history_lines":2,"console_offset":1,"console_lines":3,"uploaded_len":7,"complete":true,"exit_code":0}
{"time":"2026-08-25T14:14:12.4635739+05:30","level":"INFO","msg":"filestream: request sent","status":"200 OK"}
{"time":"2026-08-25T14:14:12.4668362+05:30","level":"INFO","msg":"handler: operation stats","stats":{}}
{"time":"2026-08-25T14:14:12.477717+05:30","level":"INFO","msg":"stream: finishing up"}
{"time":"2026-08-25T14:14:12.477717+05:30","level":"INFO","msg":"handler: closed"}
{"time":"2026-08-25T14:14:12.477717+05:30","level":"INFO","msg":"sender: closed"}
{"time":"2026-08-25T14:14:12.477717+05:30","level":"INFO","msg":"stream: all finished"}
