[Run] architecture   = more
[Run] experiment_id   = phaseB_more_seed43__909a3dc4
[Run] experiment_group= exploratory
[Run] output directory= C:\Users\Hp\Desktop\Waste\MoRE\runs\phaseB_more_seed43__909a3dc4
[Seed] seed=43  determinism=warn_only  streams=random+numpy+torch_cpu+torch_cuda+dataloader_generator+dataloader_worker
[Seed] cudnn.deterministic=True  cudnn.benchmark=False  deterministic_algorithms=True  CUBLAS_WORKSPACE_CONFIG=:4096:8
[Train] Device: cuda
[Train] Effective settings: epochs=50, lr=0.001, routing_balance=0.001, step_routing=0.0, subset_fraction=1.0, subset_seed=43
[Dataset] Loaded 59500 records from 'C:\Users\Hp\Desktop\Waste\MoRE\data\train.jsonl'.
[Dataset] Using validation set: C:\Users\Hp\Desktop\Waste\MoRE\data\val.jsonl
[Dataset] Loaded 5250 records from 'C:\Users\Hp\Desktop\Waste\MoRE\data\val.jsonl'.
[Model] Total parameters: 3,201,555
[Train] halting: ponder_weight=0.001, supervision=OFF (pure ACT)
[Epoch 001 Batch 0] Router grad norm: 0.075312 | router_noise=none scales: ['0.0000']
[Epoch 002 Batch 0] Router grad norm: 0.019628 | router_noise=none scales: ['0.0000']
[Epoch 002/50] task=0.0751  step_route=0.5967  bal=-0.5599  halt=0.3695  val=0.0705  route_acc=0.0091  route_hung=0.4446  route_ami=0.4447  entropy_norm=0.8875  cos_max=0.0031  tok/s=2009
[Epoch 003 Batch 0] Router grad norm: 0.006871 | router_noise=none scales: ['0.0000']
[Epoch 004 Batch 0] Router grad norm: 0.007724 | router_noise=none scales: ['0.0000']
[Epoch 004/50] task=0.0722  step_route=0.5975  bal=-0.6495  halt=0.3529  val=0.0700  route_acc=0.0077  route_hung=0.4445  route_ami=0.4494  entropy_norm=0.9026  cos_max=0.0102  tok/s=1807
[Epoch 005 Batch 0] Router grad norm: 0.009364 | router_noise=none scales: ['0.0000']
[Epoch 006 Batch 0] Router grad norm: 0.006682 | router_noise=none scales: ['0.0000']
[Epoch 006/50] task=0.0697  step_route=0.6178  bal=-0.6671  halt=0.3375  val=0.0692  route_acc=0.0087  route_hung=0.4371  route_ami=0.4291  entropy_norm=0.9177  cos_max=0.0207  tok/s=1789
[Epoch 007 Batch 0] Router grad norm: 0.017030 | router_noise=none scales: ['0.0000']
[Epoch 008 Batch 0] Router grad norm: 0.008659 | router_noise=none scales: ['0.0000']
[Epoch 008/50] task=0.0685  step_route=0.6309  bal=-0.6767  halt=0.3197  val=0.0678  route_acc=0.0111  route_hung=0.4868  route_ami=0.5039  entropy_norm=0.9043  cos_max=0.0336  tok/s=1920
[Epoch 009 Batch 0] Router grad norm: 0.009454 | router_noise=none scales: ['0.0000']
[Epoch 010 Batch 0] Router grad norm: 0.006961 | router_noise=none scales: ['0.0000']
[Epoch 010/50] task=0.0673  step_route=0.6291  bal=-0.7068  halt=0.3146  val=0.0657  route_acc=0.0107  route_hung=0.4480  route_ami=0.4717  entropy_norm=0.9271  cos_max=0.0435  tok/s=1810
[Epoch 011 Batch 0] Router grad norm: 0.009381 | router_noise=none scales: ['0.0000']
[Epoch 012 Batch 0] Router grad norm: 0.005368 | router_noise=none scales: ['0.0000']
[Epoch 012/50] task=0.0670  step_route=0.6355  bal=-0.6584  halt=0.3059  val=0.0645  route_acc=0.0127  route_hung=0.4438  route_ami=0.4588  entropy_norm=0.9180  cos_max=0.0528  tok/s=1828
[Epoch 013 Batch 0] Router grad norm: 0.013009 | router_noise=none scales: ['0.0000']
[Epoch 014 Batch 0] Router grad norm: 0.008924 | router_noise=none scales: ['0.0000']
[Epoch 014/50] task=0.0664  step_route=0.6363  bal=-0.7076  halt=0.3075  val=0.0657  route_acc=0.0143  route_hung=0.4680  route_ami=0.4568  entropy_norm=0.9330  cos_max=0.0541  tok/s=1876
[Epoch 015 Batch 0] Router grad norm: 0.010774 | router_noise=none scales: ['0.0000']
[Epoch 016 Batch 0] Router grad norm: 0.009466 | router_noise=none scales: ['0.0000']
[Epoch 016/50] task=0.0654  step_route=0.6397  bal=-0.7101  halt=0.2953  val=0.0660  route_acc=0.0131  route_hung=0.4675  route_ami=0.4548  entropy_norm=0.9532  cos_max=0.0602  tok/s=1937
[Epoch 017 Batch 0] Router grad norm: 0.008110 | router_noise=none scales: ['0.0000']
[Epoch 018 Batch 0] Router grad norm: 0.009152 | router_noise=none scales: ['0.0000']
[Epoch 018/50] task=0.0653  step_route=0.6411  bal=-0.7172  halt=0.3067  val=0.0648  route_acc=0.0145  route_hung=0.5910  route_ami=0.5411  entropy_norm=0.9477  cos_max=0.0658  tok/s=1836
[Epoch 019 Batch 0] Router grad norm: 0.005710 | router_noise=none scales: ['0.0000']
[Epoch 020 Batch 0] Router grad norm: 0.005610 | router_noise=none scales: ['0.0000']
[Epoch 020/50] task=0.0645  step_route=0.6479  bal=-0.7434  halt=0.3008  val=0.0639  route_acc=0.0614  route_hung=0.5941  route_ami=0.5655  entropy_norm=0.9604  cos_max=0.0686  tok/s=1964
[Epoch 021 Batch 0] Router grad norm: 0.007408 | router_noise=none scales: ['0.0000']
[Epoch 022 Batch 0] Router grad norm: 0.008802 | router_noise=none scales: ['0.0000']
[Epoch 022/50] task=0.0641  step_route=0.6479  bal=-0.7557  halt=0.3011  val=0.0640  route_acc=0.0191  route_hung=0.5856  route_ami=0.5258  entropy_norm=0.9620  cos_max=0.0730  tok/s=1824
[Epoch 023 Batch 0] Router grad norm: 0.004126 | router_noise=none scales: ['0.0000']
[Epoch 024 Batch 0] Router grad norm: 0.007121 | router_noise=none scales: ['0.0000']
[Epoch 024/50] task=0.0637  step_route=0.6517  bal=-0.7677  halt=0.3072  val=0.0636  route_acc=0.0160  route_hung=0.5955  route_ami=0.5320  entropy_norm=0.9800  cos_max=0.0757  tok/s=1777
[Epoch 025 Batch 0] Router grad norm: 0.010251 | router_noise=none scales: ['0.0000']
[Epoch 026 Batch 0] Router grad norm: 0.009910 | router_noise=none scales: ['0.0000']
[Epoch 026/50] task=0.0634  step_route=0.6593  bal=-0.7653  halt=0.2991  val=0.0641  route_acc=0.0142  route_hung=0.5881  route_ami=0.5277  entropy_norm=0.9734  cos_max=0.0763  tok/s=1800
[Epoch 027 Batch 0] Router grad norm: 0.009462 | router_noise=none scales: ['0.0000']
[Epoch 028 Batch 0] Router grad norm: 0.007155 | router_noise=none scales: ['0.0000']
[Epoch 028/50] task=0.0631  step_route=0.6599  bal=-0.7807  halt=0.3122  val=0.0640  route_acc=0.1381  route_hung=0.5086  route_ami=0.4761  entropy_norm=0.9783  cos_max=0.0786  tok/s=1730
[Epoch 029 Batch 0] Router grad norm: 0.011439 | router_noise=none scales: ['0.0000']
[Epoch 030 Batch 0] Router grad norm: 0.008557 | router_noise=none scales: ['0.0000']
[Epoch 030/50] task=0.0628  step_route=0.6492  bal=-0.7808  halt=0.3111  val=0.0638  route_acc=0.0589  route_hung=0.5009  route_ami=0.4907  entropy_norm=0.9792  cos_max=0.0793  tok/s=1755
[Epoch 031 Batch 0] Router grad norm: 0.021358 | router_noise=none scales: ['0.0000']
[Epoch 032 Batch 0] Router grad norm: 0.009408 | router_noise=none scales: ['0.0000']
[Epoch 032/50] task=0.0624  step_route=0.6505  bal=-0.7819  halt=0.3104  val=0.0640  route_acc=0.0589  route_hung=0.5154  route_ami=0.4972  entropy_norm=0.9825  cos_max=0.0800  tok/s=1795
[Epoch 033 Batch 0] Router grad norm: 0.005111 | router_noise=none scales: ['0.0000']
[Epoch 034 Batch 0] Router grad norm: 0.008672 | router_noise=none scales: ['0.0000']
[Epoch 034/50] task=0.0620  step_route=0.6589  bal=-0.7739  halt=0.3007  val=0.0638  route_acc=0.0390  route_hung=0.5009  route_ami=0.4443  entropy_norm=0.9855  cos_max=0.0807  tok/s=1913
[Epoch 035 Batch 0] Router grad norm: 0.006233 | router_noise=none scales: ['0.0000']
[Epoch 036 Batch 0] Router grad norm: 0.007499 | router_noise=none scales: ['0.0000']
[Epoch 036/50] task=0.0617  step_route=0.6519  bal=-0.7662  halt=0.3019  val=0.0628  route_acc=0.2065  route_hung=0.4484  route_ami=0.4160  entropy_norm=0.9899  cos_max=0.0819  tok/s=2118
[Epoch 037 Batch 0] Router grad norm: 0.008473 | router_noise=none scales: ['0.0000']
[Epoch 038 Batch 0] Router grad norm: 0.011042 | router_noise=none scales: ['0.0000']
[Epoch 038/50] task=0.0614  step_route=0.6551  bal=-0.7753  halt=0.3003  val=0.0632  route_acc=0.0939  route_hung=0.4462  route_ami=0.4235  entropy_norm=0.9877  cos_max=0.0823  tok/s=2076
[Epoch 039 Batch 0] Router grad norm: 0.009995 | router_noise=none scales: ['0.0000']
[Epoch 040 Batch 0] Router grad norm: 0.007855 | router_noise=none scales: ['0.0000']
[Epoch 040/50] task=0.0612  step_route=0.6545  bal=-0.7639  halt=0.2999  val=0.0635  route_acc=0.0173  route_hung=0.5152  route_ami=0.4849  entropy_norm=0.9873  cos_max=0.0826  tok/s=2157
[Epoch 041 Batch 0] Router grad norm: 0.005893 | router_noise=none scales: ['0.0000']
[Epoch 042 Batch 0] Router grad norm: 0.006868 | router_noise=none scales: ['0.0000']
[Epoch 042/50] task=0.0607  step_route=0.6536  bal=-0.7741  halt=0.2997  val=0.0633  route_acc=0.0173  route_hung=0.5155  route_ami=0.4840  entropy_norm=0.9883  cos_max=0.0829  tok/s=2243
[Epoch 043 Batch 0] Router grad norm: 0.014610 | router_noise=none scales: ['0.0000']
[Epoch 044 Batch 0] Router grad norm: 0.009537 | router_noise=none scales: ['0.0000']
[Epoch 044/50] task=0.0605  step_route=0.6533  bal=-0.7787  halt=0.3012  val=0.0635  route_acc=0.0823  route_hung=0.4500  route_ami=0.4415  entropy_norm=0.9891  cos_max=0.0829  tok/s=2078
[Epoch 045 Batch 0] Router grad norm: 0.007536 | router_noise=none scales: ['0.0000']
[Epoch 046 Batch 0] Router grad norm: 0.007988 | router_noise=none scales: ['0.0000']
[Epoch 046/50] task=0.0604  step_route=0.6528  bal=-0.7792  halt=0.3016  val=0.0634  route_acc=0.0183  route_hung=0.5138  route_ami=0.4819  entropy_norm=0.9894  cos_max=0.0829  tok/s=1978
[Epoch 047 Batch 0] Router grad norm: 0.008723 | router_noise=none scales: ['0.0000']
