[Run] architecture   = more
[Run] experiment_id   = t10_more_router_noise_seed43__4b4249de
[Run] experiment_group= exploratory
[Run] output directory= C:\Users\Hp\Desktop\Waste\MoRE\runs\t10_more_router_noise_seed43__4b4249de
[Seed] seed=43  determinism=warn_only  streams=random+numpy+torch_cpu+torch_cuda+dataloader_generator+dataloader_worker
[Seed] cudnn.deterministic=True  cudnn.benchmark=False  deterministic_algorithms=True  CUBLAS_WORKSPACE_CONFIG=:4096:8
[Train] Device: cuda
[Train] Effective settings: epochs=50, lr=0.001, routing_balance=0.001, step_routing=0.0, subset_fraction=1.0, subset_seed=43
[Dataset] Loaded 59500 records from 'C:\Users\Hp\Desktop\Waste\MoRE\data\train.jsonl'.
[Dataset] Using validation set: C:\Users\Hp\Desktop\Waste\MoRE\data\val.jsonl
[Dataset] Loaded 5250 records from 'C:\Users\Hp\Desktop\Waste\MoRE\data\val.jsonl'.
[Model] Total parameters: 3,201,555
[Train] halting: ponder_weight=0.001, supervision=OFF (pure ACT)
wandb: [wandb.login()] Loaded credentials for https://api.wandb.ai from C:\Users\Hp\_netrc.
wandb: Currently logged in as: rshisode607 (rshisode607-government-college-of-engineering-aurangabad) to https://api.wandb.ai. Use `wandb login --relogin` to force relogin
wandb: WARNING Using a boolean value for 'reinit' is deprecated. Use 'return_previous' or 'finish_previous' instead.
wandb: setting up run vbgi4u9g
wandb: Tracking run with wandb version 0.28.0
wandb: Run data is saved locally in C:\Users\Hp\Desktop\Waste\MoRE\code\wandb\run-20260829_055714-vbgi4u9g
wandb: Run `wandb offline` to turn off syncing.
wandb: Syncing run t10_more_router_noise_seed43
wandb:  View project at https://wandb.ai/rshisode607-government-college-of-engineering-aurangabad/micro-MoRE-poc
wandb:  View run at https://wandb.ai/rshisode607-government-college-of-engineering-aurangabad/micro-MoRE-poc/runs/vbgi4u9g
