[Run] architecture   = moe
[Run] experiment_id   = phaseB_moe_seed42__c35fe8b6
[Run] experiment_group= exploratory
[Run] output directory= C:\Users\Hp\Desktop\Waste\MoRE\runs\phaseB_moe_seed42__c35fe8b6
[Seed] seed=42  determinism=warn_only  streams=random+numpy+torch_cpu+torch_cuda+dataloader_generator+dataloader_worker
[Seed] cudnn.deterministic=True  cudnn.benchmark=False  deterministic_algorithms=True  CUBLAS_WORKSPACE_CONFIG=:4096:8
[Train] Device: cuda
[Train] Effective settings: epochs=50, lr=0.001, routing_balance=0.001, step_routing=0.0, subset_fraction=1.0, subset_seed=42
[Dataset] Loaded 59500 records from 'C:\Users\Hp\Desktop\Waste\MoRE\data\train.jsonl'.
[Dataset] Using validation set: C:\Users\Hp\Desktop\Waste\MoRE\data\val.jsonl
[Dataset] Loaded 5250 records from 'C:\Users\Hp\Desktop\Waste\MoRE\data\val.jsonl'.
[Model] Total parameters: 3,201,555
[Train] halting: ponder_weight=0.0, supervision=OFF (pure ACT)
[Epoch 001 Batch 0] Router grad norm: 0.112382 | router_noise=none scales: ['0.0000']
[Epoch 002 Batch 0] Router grad norm: 0.016812 | router_noise=none scales: ['0.0000']
[Epoch 002/50] task=0.0762  step_route=0.6131  bal=-0.4998  halt=N/A  val=0.0722  route_acc=0.2315  route_hung=0.5359  route_ami=0.4528  entropy_norm=0.8800  cos_max=0.0042  tok/s=7708
[Epoch 003 Batch 0] Router grad norm: 0.015521 | router_noise=none scales: ['0.0000']
[Epoch 004 Batch 0] Router grad norm: 0.014242 | router_noise=none scales: ['0.0000']
[Epoch 004/50] task=0.0718  step_route=0.6106  bal=-0.6037  halt=N/A  val=0.0680  route_acc=0.2312  route_hung=0.5378  route_ami=0.4467  entropy_norm=0.9299  cos_max=0.0041  tok/s=8073
[Epoch 005 Batch 0] Router grad norm: 0.008008 | router_noise=none scales: ['0.0000']
[Epoch 006 Batch 0] Router grad norm: 0.008045 | router_noise=none scales: ['0.0000']
[Epoch 006/50] task=0.0704  step_route=0.6021  bal=-0.5902  halt=N/A  val=0.0676  route_acc=0.2291  route_hung=0.4552  route_ami=0.4297  entropy_norm=0.9378  cos_max=0.0051  tok/s=7968
[Epoch 007 Batch 0] Router grad norm: 0.007269 | router_noise=none scales: ['0.0000']
[Epoch 008 Batch 0] Router grad norm: 0.023601 | router_noise=none scales: ['0.0000']
[Epoch 008/50] task=0.0689  step_route=0.6013  bal=-0.6928  halt=N/A  val=0.0650  route_acc=0.1871  route_hung=0.4549  route_ami=0.4217  entropy_norm=0.9458  cos_max=0.0123  tok/s=8437
[Epoch 009 Batch 0] Router grad norm: 0.013015 | router_noise=none scales: ['0.0000']
[Epoch 010 Batch 0] Router grad norm: 0.010952 | router_noise=none scales: ['0.0000']
[Epoch 010/50] task=0.0679  step_route=0.6036  bal=-0.7600  halt=N/A  val=0.0678  route_acc=0.1871  route_hung=0.4552  route_ami=0.4132  entropy_norm=0.9541  cos_max=0.0156  tok/s=8276
[Epoch 011 Batch 0] Router grad norm: 0.042325 | router_noise=none scales: ['0.0000']
[Epoch 012 Batch 0] Router grad norm: 0.012647 | router_noise=none scales: ['0.0000']
[Epoch 012/50] task=0.0663  step_route=0.6024  bal=-0.8033  halt=N/A  val=0.0650  route_acc=0.1871  route_hung=0.4533  route_ami=0.4190  entropy_norm=0.9489  cos_max=0.0176  tok/s=8537
[Epoch 013 Batch 0] Router grad norm: 0.009452 | router_noise=none scales: ['0.0000']
[Epoch 014 Batch 0] Router grad norm: 0.014165 | router_noise=none scales: ['0.0000']
[Epoch 014/50] task=0.0662  step_route=0.6051  bal=-0.8005  halt=N/A  val=0.0651  route_acc=0.1872  route_hung=0.4511  route_ami=0.4795  entropy_norm=0.9803  cos_max=0.0209  tok/s=8194
[Epoch 015 Batch 0] Router grad norm: 0.007673 | router_noise=none scales: ['0.0000']
[Epoch 016 Batch 0] Router grad norm: 0.005949 | router_noise=none scales: ['0.0000']
[Epoch 016/50] task=0.0657  step_route=0.6026  bal=-0.7011  halt=N/A  val=0.0643  route_acc=0.1895  route_hung=0.4548  route_ami=0.4195  entropy_norm=0.9494  cos_max=0.0279  tok/s=8963
[Epoch 017 Batch 0] Router grad norm: 0.009384 | router_noise=none scales: ['0.0000']
[Epoch 018 Batch 0] Router grad norm: 0.014323 | router_noise=none scales: ['0.0000']
[Epoch 018/50] task=0.0653  step_route=0.6279  bal=-0.7976  halt=N/A  val=0.0651  route_acc=0.1890  route_hung=0.5260  route_ami=0.4694  entropy_norm=0.9773  cos_max=0.0293  tok/s=9273
[Epoch 019 Batch 0] Router grad norm: 0.011434 | router_noise=none scales: ['0.0000']
[Epoch 020 Batch 0] Router grad norm: 0.009821 | router_noise=none scales: ['0.0000']
[Epoch 020/50] task=0.0643  step_route=0.6193  bal=-0.8113  halt=N/A  val=0.0635  route_acc=0.2256  route_hung=0.5629  route_ami=0.5080  entropy_norm=0.9830  cos_max=0.0302  tok/s=9824
[Epoch 021 Batch 0] Router grad norm: 0.009246 | router_noise=none scales: ['0.0000']
[Epoch 022 Batch 0] Router grad norm: 0.008522 | router_noise=none scales: ['0.0000']
[Epoch 022/50] task=0.0642  step_route=0.6268  bal=-0.8038  halt=N/A  val=0.0636  route_acc=0.1896  route_hung=0.5270  route_ami=0.4642  entropy_norm=0.9810  cos_max=0.0323  tok/s=9450
[Epoch 023 Batch 0] Router grad norm: 0.012432 | router_noise=none scales: ['0.0000']
[Epoch 024 Batch 0] Router grad norm: 0.004998 | router_noise=none scales: ['0.0000']
[Epoch 024/50] task=0.0640  step_route=0.6253  bal=-0.7194  halt=N/A  val=0.0633  route_acc=0.1887  route_hung=0.5261  route_ami=0.4650  entropy_norm=0.9600  cos_max=0.0322  tok/s=10060
[Epoch 025 Batch 0] Router grad norm: 0.008245 | router_noise=none scales: ['0.0000']
[Epoch 026 Batch 0] Router grad norm: 0.008584 | router_noise=none scales: ['0.0000']
[Epoch 026/50] task=0.0631  step_route=0.6260  bal=-0.7926  halt=N/A  val=0.0632  route_acc=0.1888  route_hung=0.4501  route_ami=0.4637  entropy_norm=0.9830  cos_max=0.0336  tok/s=9792
[Epoch 027 Batch 0] Router grad norm: 0.010596 | router_noise=none scales: ['0.0000']
[Epoch 028 Batch 0] Router grad norm: 0.008216 | router_noise=none scales: ['0.0000']
[Epoch 028/50] task=0.0632  step_route=0.6230  bal=-0.7843  halt=N/A  val=0.0640  route_acc=0.1897  route_hung=0.4728  route_ami=0.5182  entropy_norm=0.9943  cos_max=0.0343  tok/s=8722
[Epoch 029 Batch 0] Router grad norm: 0.006654 | router_noise=none scales: ['0.0000']
[Epoch 030 Batch 0] Router grad norm: 0.006871 | router_noise=none scales: ['0.0000']
[Epoch 030/50] task=0.0627  step_route=0.6212  bal=-0.7996  halt=N/A  val=0.0631  route_acc=0.1894  route_hung=0.4542  route_ami=0.4816  entropy_norm=0.9879  cos_max=0.0353  tok/s=9638
[Epoch 031 Batch 0] Router grad norm: 0.005780 | router_noise=none scales: ['0.0000']
[Epoch 032 Batch 0] Router grad norm: 0.007905 | router_noise=none scales: ['0.0000']
[Epoch 032/50] task=0.0622  step_route=0.6222  bal=-0.7976  halt=N/A  val=0.0632  route_acc=0.1922  route_hung=0.4573  route_ami=0.4798  entropy_norm=0.9917  cos_max=0.0358  tok/s=8739
[Epoch 033 Batch 0] Router grad norm: 0.008697 | router_noise=none scales: ['0.0000']
[Epoch 034 Batch 0] Router grad norm: 0.007818 | router_noise=none scales: ['0.0000']
[Epoch 034/50] task=0.0620  step_route=0.6177  bal=-0.7998  halt=N/A  val=0.0635  route_acc=0.1900  route_hung=0.4903  route_ami=0.4864  entropy_norm=0.9890  cos_max=0.0363  tok/s=9589
[Epoch 035 Batch 0] Router grad norm: 0.004970 | router_noise=none scales: ['0.0000']
[Epoch 036 Batch 0] Router grad norm: 0.008617 | router_noise=none scales: ['0.0000']
[Epoch 036/50] task=0.0619  step_route=0.6190  bal=-0.7976  halt=N/A  val=0.0633  route_acc=0.1901  route_hung=0.4902  route_ami=0.4852  entropy_norm=0.9950  cos_max=0.0366  tok/s=9835
[Epoch 037 Batch 0] Router grad norm: 0.007103 | router_noise=none scales: ['0.0000']
[Epoch 038 Batch 0] Router grad norm: 0.008275 | router_noise=none scales: ['0.0000']
[Epoch 038/50] task=0.0614  step_route=0.6186  bal=-0.8097  halt=N/A  val=0.0635  route_acc=0.1901  route_hung=0.4842  route_ami=0.4734  entropy_norm=0.9856  cos_max=0.0368  tok/s=8930
[Epoch 039 Batch 0] Router grad norm: 0.007302 | router_noise=none scales: ['0.0000']
[Epoch 040 Batch 0] Router grad norm: 0.011852 | router_noise=none scales: ['0.0000']
[Epoch 040/50] task=0.0613  step_route=0.6187  bal=-0.7965  halt=N/A  val=0.0635  route_acc=0.1930  route_hung=0.4582  route_ami=0.4845  entropy_norm=0.9935  cos_max=0.0370  tok/s=10054
[Epoch 041 Batch 0] Router grad norm: 0.015912 | router_noise=none scales: ['0.0000']
[Epoch 042 Batch 0] Router grad norm: 0.006522 | router_noise=none scales: ['0.0000']
[Epoch 042/50] task=0.0608  step_route=0.6165  bal=-0.7975  halt=N/A  val=0.0635  route_acc=0.1930  route_hung=0.4891  route_ami=0.4729  entropy_norm=0.9945  cos_max=0.0372  tok/s=10427
[Epoch 043 Batch 0] Router grad norm: 0.012864 | router_noise=none scales: ['0.0000']
[Epoch 044 Batch 0] Router grad norm: 0.010508 | router_noise=none scales: ['0.0000']
[Epoch 044/50] task=0.0606  step_route=0.6152  bal=-0.7995  halt=N/A  val=0.0629  route_acc=0.1921  route_hung=0.5235  route_ami=0.4991  entropy_norm=0.9927  cos_max=0.0373  tok/s=10373
[Epoch 045 Batch 0] Router grad norm: 0.009465 | router_noise=none scales: ['0.0000']
[Epoch 046 Batch 0] Router grad norm: 0.010485 | router_noise=none scales: ['0.0000']
[Epoch 046/50] task=0.0603  step_route=0.6138  bal=-0.7975  halt=N/A  val=0.0636  route_acc=0.1945  route_hung=0.5227  route_ami=0.5254  entropy_norm=0.9934  cos_max=0.0372  tok/s=8845
[Epoch 047 Batch 0] Router grad norm: 0.010673 | router_noise=none scales: ['0.0000']
[Epoch 048 Batch 0] Router grad norm: 0.012143 | router_noise=none scales: ['0.0000']
[Epoch 048/50] task=0.0603  step_route=0.6144  bal=-0.7972  halt=N/A  val=0.0631  route_acc=0.1932  route_hung=0.5226  route_ami=0.5002  entropy_norm=0.9936  cos_max=0.0372  tok/s=7933
[Epoch 049 Batch 0] Router grad norm: 0.010298 | router_noise=none scales: ['0.0000']
[Epoch 050 Batch 0] Router grad norm: 0.008046 | router_noise=none scales: ['0.0000']
[Epoch 050/50] task=0.0602  step_route=0.6144  bal=-0.7975  halt=N/A  val=0.0631  route_acc=0.1932  route_hung=0.5227  route_ami=0.5013  entropy_norm=0.9936  cos_max=0.0372  tok/s=7505

[Train] Complete. Best val_loss = 0.062916
[Run] metrics written to C:\Users\Hp\Desktop\Waste\MoRE\runs\phaseB_moe_seed42__c35fe8b6\metrics.json
